# Generated by goldga. DO NOT EDIT.
[snapshots]
"Model attributes code generation when generating models from scraped documentation pages should be able to generate models from templates" = '''
(string) (len=317) "type Entitlement struct {\n    Id string `json:\"id\" validate:\"required\"`\n    EntityId string `json:\"entity_id\"`\n    EntityType enums.EntityTypeEnum `json:\"entity_type\"`\n    FeatureId string `json:\"feature_id\"`\n    FeatureName string `json:\"feature_name\"`\n    Value string `json:\"value\"`\n    Name string `json:\"name\"`\n}"
'''
