# Generated by goldga. DO NOT EDIT.
[snapshots]
"Model attributes scraping when traversing documentation pages should be able to find attribute tables with specified header text" = '''
(scraper_test.attributes) (len=64) Id required string, FirstName string, LastName string, Email string, Phone string, Company string, VatNumber string, AutoCollection required enums.AutoCollectionEnum, OfflinePaymentMethod enums.OfflinePaymentMethodEnum, NetTermDays required int, VatNumberValidatedTime uint64, VatNumberStatus enums.VatNumberStatusEnum, AllowDirectDebit required bool, IsLocationValid bool, CreatedAt required uint64, CreatedFromIp string, ExemptionDetails []string, Taxability enums.TaxabilityEnum, EntityCode enums.EntityCodeEnum, ExemptNumber string, ResourceVersion int64, UpdatedAt uint64, Locale string, BillingDate int, BillingMonth int, BillingDateMode enums.BillingDateModeEnum, BillingDayOfWeek enums.BillingDayOfWeekEnum, BillingDayOfWeekMode enums.BillingDayOfWeekModeEnum, PiiCleared enums.PiiClearedEnum, AutoCloseInvoices bool, Channel enums.ChannelEnum, ActiveId string, FraudFlag enums.FraudFlagEnum, PrimaryPaymentSourceId string, BackupPaymentSourceId string, InvoiceNotes string, BusinessEntityId string, PreferredCurrencyCode string, PromotionalCredits required uint64, UnbilledCharges required uint64, RefundableCredits required uint64, ExcessPayments required uint64, IsEinvoiceEnabled bool, EinvoicingMethod enums.EinvoicingMethodEnum, Deleted required bool, RegisteredForGst bool, ConsolidatedInvoicing bool, CustomerType enums.CustomerTypeEnum, BusinessCustomerWithoutVatNumber bool, ClientProfileId string, UseDefaultHierarchySettings bool, VatNumberPrefix string, EntityIdentifierScheme string, EntityIdentifierStandard string, BillingAddress models.BillingAddress, ReferralUrls []models.ReferralUrl, Contacts []models.Contact, PaymentMethod models.PaymentMethod, Balances []models.CustomerBalance, EntityIdentifiers []models.EntityIdentifier, TaxProvidersFields []models.TaxProvidersField, Relationship models.Relationship, ParentAccountAccess models.ParentAccountAccess, ChildAccountAccess models.ChildAccountAccess, 
'''
