# Generated by goldga. DO NOT EDIT.
[snapshots]
"Enums scraping when traversing documentation pages should be able to find enum values" = '''
(map[string]string) (len=2) {
 (string) (len=17) "EachSpecifiedItem": (string) (len=19) "each_specified_item",
 (string) (len=13) "InvoiceAmount": (string) (len=14) "invoice_amount"
}
'''
