# Generated by goldga. DO NOT EDIT.
[snapshots]
"Model attributes code generation when generating retrieve endpoints client from scraped documentation pages should be able to generate retrieve methods from templates" = '''
(string) (len=724) "func RetrieveEntitlementById(site string, id string) (*Entitlement, error) {\n\tclient := fiber.AcquireClient()\n\tdefer fiber.ReleaseClient(client)\n\n\tparsedUrl, err := url.Parse(\"https://\" + site + \".\" + \"/\" + id)\n\tif err != nil {\n\t\treturn nil, err\n\t}\n\tstatusCode, content, errs := client.Get(parsedUrl.String()).MaxRedirectsCount(5).Timeout(time.Second * 10).Bytes()\n\tif len(errs) > 0 || statusCode != 200 {\n\t\treturn nil, fmt.Errorf(\"get failed, status code: %d, body: %s\", statusCode, content)\n\t}\n    \t\n\ttype EntitlementItem struct {\n\t\tEntitlement Entitlement `json:\"Entitlement\"`\n\t}\n\n    var item EntitlementItem\n\n\terr = json.Unmarshal(content, &item)\n\tif err != nil {\n\t\treturn nil, err\n\t}\n\n\treturn &item.Entitlement, nil\n}\n"
'''
