# Generated by goldga. DO NOT EDIT.
[snapshots]
"Chargebee business entities code generation when generating Chargebee API client should be able to generate business entities model" = '''
(string) (len=406) "type BusinessEntity struct {\n    Id string `json:\"id\" validate:\"required\"`\n    Name string `json:\"name\" validate:\"required\"`\n    Status enums.StatusEnum `json:\"status\" validate:\"required\"`\n    Deleted bool `json:\"deleted\" validate:\"required\"`\n    CreatedAt *time.Time `json:\"created_at\" validate:\"required\"`\n    ResourceVersion int64 `json:\"resource_version\"`\n    UpdatedAt *time.Time `json:\"updated_at\"`\n}"
'''
"Chargebee business entities code generation when generating Chargebee API client should be able to generate business entities transfer model" = '''
(string) (len=38) "type BusinessEntityTransfer struct {\n}"
'''
