# Generated by goldga. DO NOT EDIT.
[snapshots]
"Chargebee contacts code generation when generating Chargebee API client should be able to generate contacts models" = '''
(string) (len=467) "type Contact struct {\n    Id string `json:\"id\" validate:\"required\"`\n    FirstName string `json:\"first_name\"`\n    LastName string `json:\"last_name\"`\n    Email string `json:\"email\" validate:\"required\"`\n    Phone string `json:\"phone\"`\n    Label string `json:\"label\"`\n    Enabled bool `json:\"enabled\" validate:\"required\"`\n    SendAccountEmail bool `json:\"send_account_email\" validate:\"required\"`\n    SendBillingEmail bool `json:\"send_billing_email\" validate:\"required\"`\n}"
'''
