# Generated by goldga. DO NOT EDIT.
[snapshots]
"Chargebee currencies code generation when generating Chargebee API client should be able to generate currencies models" = '''
(string) (len=315) "type Currency struct {\n    Id string `json:\"id\"`\n    Enabled bool `json:\"enabled\" validate:\"required\"`\n    ForexType enums.ForexTypeEnum `json:\"forex_type\"`\n    CurrencyCode string `json:\"currency_code\"`\n    IsBaseCurrency bool `json:\"is_base_currency\"`\n    ManualExchangeRate string `json:\"manual_exchange_rate\"`\n}"
'''
