# Generated by goldga. DO NOT EDIT.
[snapshots]
"Chargebee events code generation when generating Chargebee API client should be able to generate events models" = '''
(string) (len=555) "type Event struct {\n    Id string `json:\"id\" validate:\"required\"`\n    OccurredAt *time.Time `json:\"occurred_at\" validate:\"required\"`\n    Source enums.SourceEnum `json:\"source\" validate:\"required\"`\n    User string `json:\"user\"`\n    EventType enums.EventTypeEnum `json:\"event_type\"`\n    ApiVersion enums.ApiVersionEnum `json:\"api_version\"`\n    OriginUser string `json:\"origin_user\"`\n    Webhooks []Webhook `json:\"webhooks\"`\n    Id string `json:\"id\" validate:\"required\"`\n    WebhookStatus enums.WebhookStatusEnum `json:\"webhook_status\" validate:\"required\"`\n}"
'''
