# Generated by goldga. DO NOT EDIT.
[snapshots]
"Chargebee features code generation when generating Chargebee API client should be able to generate features models" = '''
(string) (len=666) "type Feature struct {\n    Id string `json:\"id\" validate:\"required\"`\n    Name string `json:\"name\" validate:\"required\"`\n    Description string `json:\"description\"`\n    Status enums.StatusEnum `json:\"status\"`\n    Type enums.TypeEnum `json:\"type\"`\n    Unit string `json:\"unit\"`\n    ResourceVersion int64 `json:\"resource_version\"`\n    UpdatedAt *time.Time `json:\"updated_at\"`\n    CreatedAt *time.Time `json:\"created_at\" validate:\"required\"`\n    Levels []Level `json:\"levels\"`\n    Name string `json:\"name\"`\n    Value string `json:\"value\" validate:\"required\"`\n    Level int `json:\"level\" validate:\"required\"`\n    IsUnlimited bool `json:\"is_unlimited\" validate:\"required\"`\n}"
'''
