# Generated by goldga. DO NOT EDIT.
[snapshots]
"Chargebee subscriptions code generation when generating Chargebee API client should be able to generate subscriptions models" = '''
(string) (len=8146) "type Subscription struct {\n    Id string `json:\"id\" validate:\"required\"`\n    CurrencyCode string `json:\"currency_code\" validate:\"required\"`\n    StartDate *time.Time `json:\"start_date\"`\n    TrialEnd *time.Time `json:\"trial_end\"`\n    RemainingBillingCycles int `json:\"remaining_billing_cycles\"`\n    PoNumber string `json:\"po_number\"`\n    PlanQuantityInDecimal string `json:\"plan_quantity_in_decimal\"`\n    PlanUnitPriceInDecimal string `json:\"plan_unit_price_in_decimal\"`\n    CustomerId string `json:\"customer_id\" validate:\"required\"`\n    Status enums.StatusEnum `json:\"status\" validate:\"required\"`\n    TrialStart *time.Time `json:\"trial_start\"`\n    TrialEndAction enums.TrialEndActionEnum `json:\"trial_end_action\"`\n    CurrentTermStart *time.Time `json:\"current_term_start\"`\n    CurrentTermEnd *time.Time `json:\"current_term_end\"`\n    NextBillingAt *time.Time `json:\"next_billing_at\"`\n    CreatedAt *time.Time `json:\"created_at\"`\n    StartedAt *time.Time `json:\"started_at\"`\n    ActivatedAt *time.Time `json:\"activated_at\"`\n    ContractTermBillingCycleOnRenewal int `json:\"contract_term_billing_cycle_on_renewal\"`\n    OverrideRelationship bool `json:\"override_relationship\"`\n    PauseDate *time.Time `json:\"pause_date\"`\n    ResumeDate *time.Time `json:\"resume_date\"`\n    CancelledAt *time.Time `json:\"cancelled_at\"`\n    CancelReason enums.CancelReasonEnum `json:\"cancel_reason\"`\n    CreatedFromIp string `json:\"created_from_ip\"`\n    ResourceVersion int64 `json:\"resource_version\"`\n    UpdatedAt *time.Time `json:\"updated_at\"`\n    HasScheduledAdvanceInvoices bool `json:\"has_scheduled_advance_invoices\" validate:\"required\"`\n    HasScheduledChanges bool `json:\"has_scheduled_changes\" validate:\"required\"`\n    PaymentSourceId string `json:\"payment_source_id\"`\n    PlanFreeQuantityInDecimal string `json:\"plan_free_quantity_in_decimal\"`\n    PlanAmountInDecimal string `json:\"plan_amount_in_decimal\"`\n    CancelScheduleCreatedAt *time.Time `json:\"cancel_schedule_created_at\"`\n    Channel enums.ChannelEnum `json:\"channel\"`\n    NetTermDays int `json:\"net_term_days\"`\n    ActiveId string `json:\"active_id\"`\n    DueInvoicesCount int `json:\"due_invoices_count\"`\n    DueSince *time.Time `json:\"due_since\"`\n    TotalDues uint64 `json:\"total_dues\"`\n    Mrr uint64 `json:\"mrr\"`\n    ExchangeRate *big.Float `json:\"exchange_rate\"`\n    BaseCurrencyCode string `json:\"base_currency_code\"`\n    InvoiceNotes string `json:\"invoice_notes\"`\n    Deleted bool `json:\"deleted\" validate:\"required\"`\n    ChangesScheduledAt *time.Time `json:\"changes_scheduled_at\"`\n    CancelReasonCode string `json:\"cancel_reason_code\"`\n    FreePeriod int `json:\"free_period\"`\n    FreePeriodUnit enums.FreePeriodUnitEnum `json:\"free_period_unit\"`\n    CreatePendingInvoices bool `json:\"create_pending_invoices\"`\n    AutoCloseInvoices bool `json:\"auto_close_invoices\"`\n    BusinessEntityId string `json:\"business_entity_id\"`\n    SubscriptionItems []SubscriptionItem `json:\"subscription_items\"`\n    ItemPriceId string `json:\"item_price_id\" validate:\"required\"`\n    ItemType enums.ItemTypeEnum `json:\"item_type\" validate:\"required\"`\n    Quantity int `json:\"quantity\"`\n    QuantityInDecimal string `json:\"quantity_in_decimal\"`\n    UnitPrice uint64 `json:\"unit_price\"`\n    UnitPriceInDecimal string `json:\"unit_price_in_decimal\"`\n    Amount uint64 `json:\"amount\"`\n    AmountInDecimal string `json:\"amount_in_decimal\"`\n    BillingPeriod int `json:\"billing_period\"`\n    BillingPeriodUnit enums.BillingPeriodUnitEnum `json:\"billing_period_unit\"`\n    FreeQuantity int `json:\"free_quantity\"`\n    FreeQuantityInDecimal string `json:\"free_quantity_in_decimal\"`\n    TrialEnd *time.Time `json:\"trial_end\"`\n    BillingCycles int `json:\"billing_cycles\"`\n    ServicePeriodDays int `json:\"service_period_days\"`\n    ChargeOnEvent enums.ChargeOnEventEnum `json:\"charge_on_event\"`\n    ChargeOnce bool `json:\"charge_once\"`\n    ChargeOnOption enums.ChargeOnOptionEnum `json:\"charge_on_option\"`\n    ProrationType enums.ProrationTypeEnum `json:\"proration_type\"`\n    ItemTiers []ItemTier `json:\"item_tiers\"`\n    ItemPriceId string `json:\"item_price_id\" validate:\"required\"`\n    StartingUnit int `json:\"starting_unit\" validate:\"required\"`\n    EndingUnit int `json:\"ending_unit\"`\n    Price uint64 `json:\"price\" validate:\"required\"`\n    StartingUnitInDecimal string `json:\"starting_unit_in_decimal\"`\n    EndingUnitInDecimal string `json:\"ending_unit_in_decimal\"`\n    PriceInDecimal string `json:\"price_in_decimal\"`\n    Index int `json:\"index\" validate:\"required\"`\n    ChargedItems []ChargedItem `json:\"charged_items\"`\n    ItemPriceId string `json:\"item_price_id\" validate:\"required\"`\n    LastChargedAt *time.Time `json:\"last_charged_at\" validate:\"required\"`\n    Coupons []Coupon `json:\"coupons\"`\n    CouponId string `json:\"coupon_id\" validate:\"required\"`\n    ApplyTill *time.Time `json:\"apply_till\"`\n    AppliedCount int `json:\"applied_count\" validate:\"required\"`\n    CouponCode string `json:\"coupon_code\"`\n    FirstName string `json:\"first_name\"`\n    LastName string `json:\"last_name\"`\n    Email string `json:\"email\"`\n    Company string `json:\"company\"`\n    Phone string `json:\"phone\"`\n    Line1 string `json:\"line1\"`\n    Line2 string `json:\"line2\"`\n    Line3 string `json:\"line3\"`\n    City string `json:\"city\"`\n    StateCode string `json:\"state_code\"`\n    State string `json:\"state\"`\n    Country string `json:\"country\"`\n    Zip string `json:\"zip\"`\n    ValidationStatus enums.ValidationStatusEnum `json:\"validation_status\"`\n    Index int `json:\"index\" validate:\"required\"`\n    ReferralCode string `json:\"referral_code\"`\n    CouponCode string `json:\"coupon_code\"`\n    ReferrerId string `json:\"referrer_id\"`\n    ExternalReferenceId string `json:\"external_reference_id\"`\n    RewardStatus enums.RewardStatusEnum `json:\"reward_status\"`\n    ReferralSystem enums.ReferralSystemEnum `json:\"referral_system\"`\n    AccountId string `json:\"account_id\" validate:\"required\"`\n    CampaignId string `json:\"campaign_id\" validate:\"required\"`\n    ExternalCampaignId string `json:\"external_campaign_id\"`\n    FriendOfferType enums.FriendOfferTypeEnum `json:\"friend_offer_type\"`\n    ReferrerRewardType enums.ReferrerRewardTypeEnum `json:\"referrer_reward_type\"`\n    NotifyReferralSystem enums.NotifyReferralSystemEnum `json:\"notify_referral_system\"`\n    DestinationUrl string `json:\"destination_url\"`\n    PostPurchaseWidgetEnabled bool `json:\"post_purchase_widget_enabled\" validate:\"required\"`\n    Id string `json:\"id\" validate:\"required\"`\n    Status enums.StatusEnum `json:\"status\" validate:\"required\"`\n    ContractStart *time.Time `json:\"contract_start\" validate:\"required\"`\n    ContractEnd *time.Time `json:\"contract_end\" validate:\"required\"`\n    BillingCycle int `json:\"billing_cycle\" validate:\"required\"`\n    ActionAtTermEnd enums.ActionAtTermEndEnum `json:\"action_at_term_end\" validate:\"required\"`\n    TotalContractValue uint64 `json:\"total_contract_value\" validate:\"required\"`\n    TotalContractValueBeforeTax uint64 `json:\"total_contract_value_before_tax\" validate:\"required\"`\n    CancellationCutoffPeriod int `json:\"cancellation_cutoff_period\"`\n    CreatedAt *time.Time `json:\"created_at\" validate:\"required\"`\n    SubscriptionId string `json:\"subscription_id\" validate:\"required\"`\n    RemainingBillingCycles int `json:\"remaining_billing_cycles\"`\n    Discounts []Discount `json:\"discounts\"`\n    Id string `json:\"id\" validate:\"required\"`\n    InvoiceName string `json:\"invoice_name\"`\n    Type enums.TypeEnum `json:\"type\" validate:\"required\"`\n    Amount uint64 `json:\"amount\"`\n    CurrencyCode string `json:\"currency_code\"`\n    DurationType enums.DurationTypeEnum `json:\"duration_type\" validate:\"required\"`\n    Period int `json:\"period\"`\n    PeriodUnit enums.PeriodUnitEnum `json:\"period_unit\"`\n    IncludedInMrr bool `json:\"included_in_mrr\" validate:\"required\"`\n    ApplyOn enums.ApplyOnEnum `json:\"apply_on\" validate:\"required\"`\n    ItemPriceId string `json:\"item_price_id\"`\n    CreatedAt *time.Time `json:\"created_at\" validate:\"required\"`\n    ApplyTill *time.Time `json:\"apply_till\"`\n    AppliedCount int `json:\"applied_count\"`\n    CouponId string `json:\"coupon_id\" validate:\"required\"`\n    Index int `json:\"index\" validate:\"required\"`\n}"
'''
