# Generated by goldga. DO NOT EDIT.
[snapshots]
"Endpoint parameters scraping when traversing documentation pages should be able to find endpoint parameters tables with specified header text" = '''
(scraper_test.attributes) (len=16) Limit int, Offset string, SortBy string, Id string, ItemFamilyId string, Type enums.TypeEnum, Name string, ItemApplicability enums.ItemApplicabilityEnum, Status enums.StatusEnum, IsGiftable bool, UpdatedAt *time.Time, EnabledForCheckout bool, EnabledInPortal bool, Metered bool, UsageCalculation enums.UsageCalculationEnum, Channel enums.ChannelEnum, 
'''
