# Generated by goldga. DO NOT EDIT.
[snapshots]
"Chargebee client test when accessing business entities API should be able list business entity transfers" = '''
([]chargebee.BusinessEntityTransfer) {
}
'''
