# Generated by goldga. DO NOT EDIT.
[snapshots]
"Chargebee client test when accessing currencies entities API should be able list currencies" = '''
([]chargebee.Currency) {
}
'''
"Chargebee client test when accessing currencies entities API should be able to retrieve specific currency" = '''
([]chargebee.Currency) {
}
'''
