# Generated by goldga. DO NOT EDIT.
[snapshots]
"Chargebee customer vouchers test when accessing customer vouchers API should be able list customer vouchers" = '''
([]chargebee.PaymentVoucher) {
}
'''
