# Generated by goldga. DO NOT EDIT.
[snapshots]
"Chargebee customers test when accessing customers API should be able list customers" = '''
([]chargebee.Customer) (len=5) {
 (chargebee.Customer) {
  Id: (string) (len=14) "cbdemo_douglas",
  FirstName: (string) (len=7) "Douglas",
  LastName: (string) (len=5) "Quaid",
  Email: (string) (len=31) "douglas_AT_test.com@example.com",
  Phone: (string) (len=10) "2344903756",
  Company: (string) (len=21) "Greenplus Enterprises",
  VatNumber: (string) "",
  AutoCollection: (enums.AutoCollectionEnum) (len=2) "on",
  OfflinePaymentMethod: (enums.OfflinePaymentMethodEnum) "",
  NetTermDays: (int) 0,
  VatNumberValidatedTime: (uint64) 0,
  VatNumberStatus: (enums.VatNumberStatusEnum) "",
  AllowDirectDebit: (bool) false,
  IsLocationValid: (bool) false,
  CreatedAt: (uint64) 1726438542,
  CreatedFromIp: (string) "",
  ExemptionDetails: ([]string) <nil>,
  Taxability: (enums.TaxabilityEnum) (len=7) "taxable",
  EntityCode: (enums.EntityCodeEnum) "",
  ExemptNumber: (string) "",
  ResourceVersion: (int64) 1726438543174,
  UpdatedAt: (uint64) 1726438543,
  Locale: (string) "",
  BillingDate: (int) 0,
  BillingMonth: (int) 0,
  BillingDateMode: (enums.BillingDateModeEnum) "",
  BillingDayOfWeek: (enums.BillingDayOfWeekEnum) "",
  BillingDayOfWeekMode: (enums.BillingDayOfWeekModeEnum) "",
  PiiCleared: (enums.PiiClearedEnum) (len=6) "active",
  AutoCloseInvoices: (bool) false,
  Channel: (enums.ChannelEnum) (len=3) "web",
  ActiveId: (string) "",
  FraudFlag: (enums.FraudFlagEnum) "",
  PrimaryPaymentSourceId: (string) (len=20) "pm_19A7lKUOU4BWM3nD5",
  BackupPaymentSourceId: (string) "",
  InvoiceNotes: (string) "",
  BusinessEntityId: (string) "",
  PreferredCurrencyCode: (string) (len=3) "EUR",
  PromotionalCredits: (uint64) 0,
  UnbilledCharges: (uint64) 0,
  RefundableCredits: (uint64) 0,
  ExcessPayments: (uint64) 0,
  IsEinvoiceEnabled: (bool) false,
  EinvoicingMethod: (enums.EinvoicingMethodEnum) "",
  Deleted: (bool) false,
  RegisteredForGst: (bool) false,
  ConsolidatedInvoicing: (bool) false,
  CustomerType: (enums.CustomerTypeEnum) "",
  BusinessCustomerWithoutVatNumber: (bool) false,
  ClientProfileId: (string) "",
  UseDefaultHierarchySettings: (bool) false,
  VatNumberPrefix: (string) "",
  EntityIdentifierScheme: (string) "",
  EntityIdentifierStandard: (string) "",
  BillingAddress: (models.BillingAddress) {
   Address: (models.Address) {
    FirstName: (string) "",
    LastName: (string) "",
    Email: (string) "",
    Company: (string) "",
    Phone: (string) "",
    Line1: (string) "",
    Line2: (string) "",
    Line3: (string) "",
    City: (string) "",
    StateCode: (string) "",
    State: (string) "",
    Country: (string) "",
    Zip: (string) "",
    ValidationStatus: (enums.ValidationStatusEnum) ""
   }
  },
  ReferralUrls: ([]models.ReferralUrl) <nil>,
  Contacts: ([]models.Contact) <nil>,
  PaymentMethod: (models.PaymentMethod) {
   Type: (enums.TypeEnum) (len=4) "card",
   Gateway: (enums.GatewayEnum) (len=9) "chargebee",
   GatewayAccountId: (string) (len=19) "gw_198cRwUOU473l9Wz",
   ReferenceId: (string) (len=21) "tok_19A7lKUOU4BWF3nD4"
  },
  Balances: ([]models.CustomerBalance) <nil>,
  EntityIdentifiers: ([]models.EntityIdentifier) <nil>,
  TaxProvidersFields: ([]models.TaxProvidersField) <nil>,
  Relationship: (models.Relationship) {
  },
  ParentAccountAccess: (models.ParentAccountAccess) {
  },
  ChildAccountAccess: (models.ChildAccountAccess) {
  }
 },
 (chargebee.Customer) {
  Id: (string) (len=14) "cbdemo_richard",
  FirstName: (string) (len=7) "Richard",
  LastName: (string) (len=9) "Hendricks",
  Email: (string) (len=31) "richard_AT_test.com@example.com",
  Phone: (string) (len=10) "1155685961",
  Company: (string) (len=14) "Zencorporation",
  VatNumber: (string) "",
  AutoCollection: (enums.AutoCollectionEnum) (len=2) "on",
  OfflinePaymentMethod: (enums.OfflinePaymentMethodEnum) "",
  NetTermDays: (int) 0,
  VatNumberValidatedTime: (uint64) 0,
  VatNumberStatus: (enums.VatNumberStatusEnum) "",
  AllowDirectDebit: (bool) false,
  IsLocationValid: (bool) false,
  CreatedAt: (uint64) 1726438542,
  CreatedFromIp: (string) "",
  ExemptionDetails: ([]string) <nil>,
  Taxability: (enums.TaxabilityEnum) (len=7) "taxable",
  EntityCode: (enums.EntityCodeEnum) "",
  ExemptNumber: (string) "",
  ResourceVersion: (int64) 1726438546076,
  UpdatedAt: (uint64) 1726438546,
  Locale: (string) "",
  BillingDate: (int) 0,
  BillingMonth: (int) 0,
  BillingDateMode: (enums.BillingDateModeEnum) "",
  BillingDayOfWeek: (enums.BillingDayOfWeekEnum) "",
  BillingDayOfWeekMode: (enums.BillingDayOfWeekModeEnum) "",
  PiiCleared: (enums.PiiClearedEnum) (len=6) "active",
  AutoCloseInvoices: (bool) false,
  Channel: (enums.ChannelEnum) (len=3) "web",
  ActiveId: (string) "",
  FraudFlag: (enums.FraudFlagEnum) "",
  PrimaryPaymentSourceId: (string) (len=20) "pm_19A7lKUOU4BQ23nCs",
  BackupPaymentSourceId: (string) "",
  InvoiceNotes: (string) "",
  BusinessEntityId: (string) "",
  PreferredCurrencyCode: (string) (len=3) "EUR",
  PromotionalCredits: (uint64) 0,
  UnbilledCharges: (uint64) 0,
  RefundableCredits: (uint64) 20000,
  ExcessPayments: (uint64) 0,
  IsEinvoiceEnabled: (bool) false,
  EinvoicingMethod: (enums.EinvoicingMethodEnum) "",
  Deleted: (bool) false,
  RegisteredForGst: (bool) false,
  ConsolidatedInvoicing: (bool) false,
  CustomerType: (enums.CustomerTypeEnum) "",
  BusinessCustomerWithoutVatNumber: (bool) false,
  ClientProfileId: (string) "",
  UseDefaultHierarchySettings: (bool) false,
  VatNumberPrefix: (string) "",
  EntityIdentifierScheme: (string) "",
  EntityIdentifierStandard: (string) "",
  BillingAddress: (models.BillingAddress) {
   Address: (models.Address) {
    FirstName: (string) "",
    LastName: (string) "",
    Email: (string) "",
    Company: (string) "",
    Phone: (string) "",
    Line1: (string) "",
    Line2: (string) "",
    Line3: (string) "",
    City: (string) "",
    StateCode: (string) "",
    State: (string) "",
    Country: (string) "",
    Zip: (string) "",
    ValidationStatus: (enums.ValidationStatusEnum) ""
   }
  },
  ReferralUrls: ([]models.ReferralUrl) <nil>,
  Contacts: ([]models.Contact) <nil>,
  PaymentMethod: (models.PaymentMethod) {
   Type: (enums.TypeEnum) (len=4) "card",
   Gateway: (enums.GatewayEnum) (len=9) "chargebee",
   GatewayAccountId: (string) (len=19) "gw_198cRwUOU473l9Wz",
   ReferenceId: (string) (len=21) "tok_19A7lKUOU4BPu3nCr"
  },
  Balances: ([]models.CustomerBalance) (len=1) {
   (models.CustomerBalance) {
   }
  },
  EntityIdentifiers: ([]models.EntityIdentifier) <nil>,
  TaxProvidersFields: ([]models.TaxProvidersField) <nil>,
  Relationship: (models.Relationship) {
  },
  ParentAccountAccess: (models.ParentAccountAccess) {
  },
  ChildAccountAccess: (models.ChildAccountAccess) {
  }
 },
 (chargebee.Customer) {
  Id: (string) (len=12) "cbdemo_tyler",
  FirstName: (string) (len=5) "Tyler",
  LastName: (string) (len=6) "Durden",
  Email: (string) (len=29) "tyler_AT_test.com@example.com",
  Phone: (string) (len=10) "4141538473",
  Company: (string) (len=11) "Iselectrics",
  VatNumber: (string) "",
  AutoCollection: (enums.AutoCollectionEnum) (len=2) "on",
  OfflinePaymentMethod: (enums.OfflinePaymentMethodEnum) "",
  NetTermDays: (int) 0,
  VatNumberValidatedTime: (uint64) 0,
  VatNumberStatus: (enums.VatNumberStatusEnum) "",
  AllowDirectDebit: (bool) false,
  IsLocationValid: (bool) false,
  CreatedAt: (uint64) 1726438542,
  CreatedFromIp: (string) "",
  ExemptionDetails: ([]string) <nil>,
  Taxability: (enums.TaxabilityEnum) (len=7) "taxable",
  EntityCode: (enums.EntityCodeEnum) "",
  ExemptNumber: (string) "",
  ResourceVersion: (int64) 1726438543559,
  UpdatedAt: (uint64) 1726438543,
  Locale: (string) "",
  BillingDate: (int) 0,
  BillingMonth: (int) 0,
  BillingDateMode: (enums.BillingDateModeEnum) "",
  BillingDayOfWeek: (enums.BillingDayOfWeekEnum) "",
  BillingDayOfWeekMode: (enums.BillingDayOfWeekModeEnum) "",
  PiiCleared: (enums.PiiClearedEnum) (len=6) "active",
  AutoCloseInvoices: (bool) false,
  Channel: (enums.ChannelEnum) (len=3) "web",
  ActiveId: (string) "",
  FraudFlag: (enums.FraudFlagEnum) "",
  PrimaryPaymentSourceId: (string) (len=20) "pm_19A7lKUOU4BcZ3nDL",
  BackupPaymentSourceId: (string) "",
  InvoiceNotes: (string) "",
  BusinessEntityId: (string) "",
  PreferredCurrencyCode: (string) (len=3) "EUR",
  PromotionalCredits: (uint64) 0,
  UnbilledCharges: (uint64) 0,
  RefundableCredits: (uint64) 0,
  ExcessPayments: (uint64) 0,
  IsEinvoiceEnabled: (bool) false,
  EinvoicingMethod: (enums.EinvoicingMethodEnum) "",
  Deleted: (bool) false,
  RegisteredForGst: (bool) false,
  ConsolidatedInvoicing: (bool) false,
  CustomerType: (enums.CustomerTypeEnum) "",
  BusinessCustomerWithoutVatNumber: (bool) false,
  ClientProfileId: (string) "",
  UseDefaultHierarchySettings: (bool) false,
  VatNumberPrefix: (string) "",
  EntityIdentifierScheme: (string) "",
  EntityIdentifierStandard: (string) "",
  BillingAddress: (models.BillingAddress) {
   Address: (models.Address) {
    FirstName: (string) "",
    LastName: (string) "",
    Email: (string) "",
    Company: (string) "",
    Phone: (string) "",
    Line1: (string) "",
    Line2: (string) "",
    Line3: (string) "",
    City: (string) "",
    StateCode: (string) "",
    State: (string) "",
    Country: (string) "",
    Zip: (string) "",
    ValidationStatus: (enums.ValidationStatusEnum) ""
   }
  },
  ReferralUrls: ([]models.ReferralUrl) <nil>,
  Contacts: ([]models.Contact) <nil>,
  PaymentMethod: (models.PaymentMethod) {
   Type: (enums.TypeEnum) (len=4) "card",
   Gateway: (enums.GatewayEnum) (len=9) "chargebee",
   GatewayAccountId: (string) (len=19) "gw_198cRwUOU473l9Wz",
   ReferenceId: (string) (len=21) "tok_19A7lKUOU4BcS3nDI"
  },
  Balances: ([]models.CustomerBalance) <nil>,
  EntityIdentifiers: ([]models.EntityIdentifier) <nil>,
  TaxProvidersFields: ([]models.TaxProvidersField) <nil>,
  Relationship: (models.Relationship) {
  },
  ParentAccountAccess: (models.ParentAccountAccess) {
  },
  ChildAccountAccess: (models.ChildAccountAccess) {
  }
 },
 (chargebee.Customer) {
  Id: (string) (len=12) "cbdemo_carol",
  FirstName: (string) (len=5) "Carol",
  LastName: (string) (len=6) "Miller",
  Email: (string) (len=29) "carol_AT_test.com@example.com",
  Phone: (string) (len=10) "8065829176",
  Company: (string) (len=14) "Goodsilron Ltd",
  VatNumber: (string) "",
  AutoCollection: (enums.AutoCollectionEnum) (len=2) "on",
  OfflinePaymentMethod: (enums.OfflinePaymentMethodEnum) "",
  NetTermDays: (int) 0,
  VatNumberValidatedTime: (uint64) 0,
  VatNumberStatus: (enums.VatNumberStatusEnum) "",
  AllowDirectDebit: (bool) false,
  IsLocationValid: (bool) false,
  CreatedAt: (uint64) 1726438542,
  CreatedFromIp: (string) "",
  ExemptionDetails: ([]string) <nil>,
  Taxability: (enums.TaxabilityEnum) (len=7) "taxable",
  EntityCode: (enums.EntityCodeEnum) "",
  ExemptNumber: (string) "",
  ResourceVersion: (int64) 1726438543368,
  UpdatedAt: (uint64) 1726438543,
  Locale: (string) "",
  BillingDate: (int) 0,
  BillingMonth: (int) 0,
  BillingDateMode: (enums.BillingDateModeEnum) "",
  BillingDayOfWeek: (enums.BillingDayOfWeekEnum) "",
  BillingDayOfWeekMode: (enums.BillingDayOfWeekModeEnum) "",
  PiiCleared: (enums.PiiClearedEnum) (len=6) "active",
  AutoCloseInvoices: (bool) false,
  Channel: (enums.ChannelEnum) (len=3) "web",
  ActiveId: (string) "",
  FraudFlag: (enums.FraudFlagEnum) "",
  PrimaryPaymentSourceId: (string) (len=20) "pm_19A7lKUOU4BZU3nDB",
  BackupPaymentSourceId: (string) "",
  InvoiceNotes: (string) "",
  BusinessEntityId: (string) "",
  PreferredCurrencyCode: (string) (len=3) "EUR",
  PromotionalCredits: (uint64) 0,
  UnbilledCharges: (uint64) 0,
  RefundableCredits: (uint64) 0,
  ExcessPayments: (uint64) 0,
  IsEinvoiceEnabled: (bool) false,
  EinvoicingMethod: (enums.EinvoicingMethodEnum) "",
  Deleted: (bool) false,
  RegisteredForGst: (bool) false,
  ConsolidatedInvoicing: (bool) false,
  CustomerType: (enums.CustomerTypeEnum) "",
  BusinessCustomerWithoutVatNumber: (bool) false,
  ClientProfileId: (string) "",
  UseDefaultHierarchySettings: (bool) false,
  VatNumberPrefix: (string) "",
  EntityIdentifierScheme: (string) "",
  EntityIdentifierStandard: (string) "",
  BillingAddress: (models.BillingAddress) {
   Address: (models.Address) {
    FirstName: (string) "",
    LastName: (string) "",
    Email: (string) "",
    Company: (string) "",
    Phone: (string) "",
    Line1: (string) "",
    Line2: (string) "",
    Line3: (string) "",
    City: (string) "",
    StateCode: (string) "",
    State: (string) "",
    Country: (string) "",
    Zip: (string) "",
    ValidationStatus: (enums.ValidationStatusEnum) ""
   }
  },
  ReferralUrls: ([]models.ReferralUrl) <nil>,
  Contacts: ([]models.Contact) <nil>,
  PaymentMethod: (models.PaymentMethod) {
   Type: (enums.TypeEnum) (len=4) "card",
   Gateway: (enums.GatewayEnum) (len=9) "chargebee",
   GatewayAccountId: (string) (len=19) "gw_198cRwUOU473l9Wz",
   ReferenceId: (string) (len=21) "tok_19A7lKUOU4BZM3nDA"
  },
  Balances: ([]models.CustomerBalance) <nil>,
  EntityIdentifiers: ([]models.EntityIdentifier) <nil>,
  TaxProvidersFields: ([]models.TaxProvidersField) <nil>,
  Relationship: (models.Relationship) {
  },
  ParentAccountAccess: (models.ParentAccountAccess) {
  },
  ChildAccountAccess: (models.ChildAccountAccess) {
  }
 },
 (chargebee.Customer) {
  Id: (string) (len=12) "cbdemo_simon",
  FirstName: (string) (len=5) "Simon",
  LastName: (string) (len=7) "Masrani",
  Email: (string) (len=29) "simon_AT_test.com@example.com",
  Phone: (string) (len=10) "2909447832",
  Company: (string) (len=12) "Openlane Ltd",
  VatNumber: (string) "",
  AutoCollection: (enums.AutoCollectionEnum) (len=2) "on",
  OfflinePaymentMethod: (enums.OfflinePaymentMethodEnum) "",
  NetTermDays: (int) 0,
  VatNumberValidatedTime: (uint64) 0,
  VatNumberStatus: (enums.VatNumberStatusEnum) "",
  AllowDirectDebit: (bool) false,
  IsLocationValid: (bool) false,
  CreatedAt: (uint64) 1726438542,
  CreatedFromIp: (string) "",
  ExemptionDetails: ([]string) <nil>,
  Taxability: (enums.TaxabilityEnum) (len=7) "taxable",
  EntityCode: (enums.EntityCodeEnum) "",
  ExemptNumber: (string) "",
  ResourceVersion: (int64) 1726438542980,
  UpdatedAt: (uint64) 1726438542,
  Locale: (string) "",
  BillingDate: (int) 0,
  BillingMonth: (int) 0,
  BillingDateMode: (enums.BillingDateModeEnum) "",
  BillingDayOfWeek: (enums.BillingDayOfWeekEnum) "",
  BillingDayOfWeekMode: (enums.BillingDayOfWeekModeEnum) "",
  PiiCleared: (enums.PiiClearedEnum) (len=6) "active",
  AutoCloseInvoices: (bool) false,
  Channel: (enums.ChannelEnum) (len=3) "web",
  ActiveId: (string) "",
  FraudFlag: (enums.FraudFlagEnum) "",
  PrimaryPaymentSourceId: (string) (len=20) "pm_19A7lKUOU4BTF3nCz",
  BackupPaymentSourceId: (string) "",
  InvoiceNotes: (string) "",
  BusinessEntityId: (string) "",
  PreferredCurrencyCode: (string) (len=3) "EUR",
  PromotionalCredits: (uint64) 0,
  UnbilledCharges: (uint64) 0,
  RefundableCredits: (uint64) 0,
  ExcessPayments: (uint64) 0,
  IsEinvoiceEnabled: (bool) false,
  EinvoicingMethod: (enums.EinvoicingMethodEnum) "",
  Deleted: (bool) false,
  RegisteredForGst: (bool) false,
  ConsolidatedInvoicing: (bool) false,
  CustomerType: (enums.CustomerTypeEnum) "",
  BusinessCustomerWithoutVatNumber: (bool) false,
  ClientProfileId: (string) "",
  UseDefaultHierarchySettings: (bool) false,
  VatNumberPrefix: (string) "",
  EntityIdentifierScheme: (string) "",
  EntityIdentifierStandard: (string) "",
  BillingAddress: (models.BillingAddress) {
   Address: (models.Address) {
    FirstName: (string) "",
    LastName: (string) "",
    Email: (string) "",
    Company: (string) "",
    Phone: (string) "",
    Line1: (string) "",
    Line2: (string) "",
    Line3: (string) "",
    City: (string) "",
    StateCode: (string) "",
    State: (string) "",
    Country: (string) "",
    Zip: (string) "",
    ValidationStatus: (enums.ValidationStatusEnum) ""
   }
  },
  ReferralUrls: ([]models.ReferralUrl) <nil>,
  Contacts: ([]models.Contact) <nil>,
  PaymentMethod: (models.PaymentMethod) {
   Type: (enums.TypeEnum) (len=4) "card",
   Gateway: (enums.GatewayEnum) (len=9) "chargebee",
   GatewayAccountId: (string) (len=19) "gw_198cRwUOU473l9Wz",
   ReferenceId: (string) (len=21) "tok_19A7lKUOU4BT83nCy"
  },
  Balances: ([]models.CustomerBalance) <nil>,
  EntityIdentifiers: ([]models.EntityIdentifier) <nil>,
  TaxProvidersFields: ([]models.TaxProvidersField) <nil>,
  Relationship: (models.Relationship) {
  },
  ParentAccountAccess: (models.ParentAccountAccess) {
  },
  ChildAccountAccess: (models.ChildAccountAccess) {
  }
 }
}
'''
