# Generated by goldga. DO NOT EDIT.
[snapshots]
"Chargebee customer contracts test when accessing customer contracts API should be able list customer contracts" = '''
([]chargebee.Contact) {
}
'''
