# Generated by goldga. DO NOT EDIT.
[snapshots]
"Chargebee entitlements test when accessing entitlements API should be able list entitlements" = '''
([]chargebee.Entitlement) {
}
'''
