# Generated by goldga. DO NOT EDIT.
[snapshots]
"Chargebee features test when accessing features API should be able list features" = '''
([]chargebee.Feature) {
}
'''
