# Generated by goldga. DO NOT EDIT.
[snapshots]
"Chargebee payment reference numbers test when accessing payment reference numbers API should be able list payment reference numbers" = '''
([]chargebee.PaymentReferenceNumber) {
}
'''
