# Generated by goldga. DO NOT EDIT.
[snapshots]
"Chargebee un-billed charges test when accessing un-billed charges API should be able list un-billed charges" = '''
([]chargebee.InvoiceUnbilledCharge) {
}
'''
