# Generated by goldga. DO NOT EDIT.
[snapshots]
"Chargebee promotional credits test when accessing promotional credits API should be able list promotional credits" = '''
([]chargebee.PromotionalCredit) {
}
'''
