# Generated by goldga. DO NOT EDIT.
[snapshots]
"Chargebee invoice payments test when accessing invoice payments API should be able list invoice payments" = '''
([]chargebee.Transaction) (len=1) {
 (chargebee.Transaction) {
  Id: (string) (len=21) "txn_19A7lKUOU4C9I3nER",
  CustomerId: (string) (len=12) "cbdemo_tyler",
  SubscriptionId: (string) (len=23) "cbdemo_non_renewing_sub",
  GatewayAccountId: (string) "",
  PaymentSourceId: (string) "",
  PaymentMethod: (enums.PaymentMethodEnum) (len=5) "other",
  ReferenceNumber: (string) "",
  Gateway: (enums.GatewayEnum) (len=14) "not_applicable",
  Type: (enums.TypeEnum) (len=7) "payment",
  Date: (uint64) 1724953545,
  SettledAt: (uint64) 0,
  ExchangeRate: (*decimal.Decimal)(1),
  CurrencyCode: (string) (len=3) "EUR",
  Amount: (uint64) 50000,
  IdAtGateway: (string) "",
  Status: (enums.StatusEnum) (len=7) "success",
  FraudFlag: (enums.FraudFlagEnum) "",
  InitiatorType: (enums.InitiatorTypeEnum) "",
  ThreeDSecure: (bool) false,
  AuthorizationReason: (enums.AuthorizationReasonEnum) "",
  ErrorCode: (string) "",
  ErrorText: (string) "",
  VoidedAt: (uint64) 0,
  ResourceVersion: (int64) 1726438545599,
  UpdatedAt: (uint64) 1726438545,
  FraudReason: (string) "",
  CustomPaymentMethodId: (string) "",
  AmountUnused: (uint64) 0,
  MaskedCardNumber: (string) "",
  ReferenceTransactionId: (string) "",
  RefundedTxnId: (string) "",
  ReferenceAuthorizationId: (string) "",
  AmountCapturable: (uint64) 0,
  ReversalTransactionId: (string) "",
  Deleted: (bool) false,
  Iin: (string) "",
  Last4: (string) "",
  MerchantReferenceId: (string) "",
  BusinessEntityId: (string) "",
  PaymentMethodDetails: (string) "",
  CustomPaymentMethodName: (string) "",
  LinkedInvoices: ([]models.InvoiceTransaction) (len=1) {
   (models.InvoiceTransaction) {
   }
  },
  LinkedCreditNotes: ([]models.CreditNoteTransaction) <nil>,
  LinkedRefunds: ([]models.TxnRefundsAndReversal) {
  },
  LinkedPayments: ([]models.LinkedPayment) <nil>,
  ErrorDetail: (models.GatewayErrorDetail) {
  }
 }
}
'''
