# Generated by goldga. DO NOT EDIT.
[snapshots]
"Chargebee coupon sets test when accessing coupon sets API should be able list coupon sets" = '''
([]chargebee.CouponSet) {
}
'''
