# Generated by goldga. DO NOT EDIT.
[snapshots]
"Chargebee item prices test when accessing item prices API should be able list item prices" = '''
([]chargebee.ItemPrice) (len=20) {
 (chargebee.ItemPrice) {
  Id: (string) "",
  Name: (string) "",
  ItemFamilyId: (string) "",
  ItemId: (string) "",
  Description: (string) "",
  Status: (enums.StatusEnum) "",
  ExternalName: (string) "",
  PriceVariantId: (string) "",
  ProrationType: (enums.ProrationTypeEnum) "",
  PricingModel: (enums.PricingModelEnum) "",
  Price: (uint64) 0,
  PriceInDecimal: (string) "",
  Period: (int) 0,
  CurrencyCode: (string) "",
  PeriodUnit: (enums.PeriodUnitEnum) "",
  TrialPeriod: (int) 0,
  TrialPeriodUnit: (enums.TrialPeriodUnitEnum) "",
  TrialEndAction: (enums.TrialEndActionEnum) "",
  ShippingPeriod: (int) 0,
  ShippingPeriodUnit: (enums.ShippingPeriodUnitEnum) "",
  BillingCycles: (int) 0,
  FreeQuantity: (int) 0,
  FreeQuantityInDecimal: (string) "",
  Channel: (enums.ChannelEnum) "",
  ResourceVersion: (int64) 0,
  UpdatedAt: (uint64) 0,
  CreatedAt: (uint64) 0,
  ArchivedAt: (uint64) 0,
  InvoiceNotes: (string) "",
  IsTaxable: (bool) false,
  Metadata: (map[string]interface {}) <nil>,
  ItemType: (enums.ItemTypeEnum) "",
  ShowDescriptionInInvoices: (bool) false,
  ShowDescriptionInQuotes: (bool) false,
  Tiers: ([]models.Tier) <nil>,
  TaxDetail: (models.TaxDetail) {
  },
  TaxProvidersFields: ([]models.TaxProvidersField) <nil>,
  AccountingDetail: (models.AccountingDetail) {
  }
 },
 (chargebee.ItemPrice) {
  Id: (string) "",
  Name: (string) "",
  ItemFamilyId: (string) "",
  ItemId: (string) "",
  Description: (string) "",
  Status: (enums.StatusEnum) "",
  ExternalName: (string) "",
  PriceVariantId: (string) "",
  ProrationType: (enums.ProrationTypeEnum) "",
  PricingModel: (enums.PricingModelEnum) "",
  Price: (uint64) 0,
  PriceInDecimal: (string) "",
  Period: (int) 0,
  CurrencyCode: (string) "",
  PeriodUnit: (enums.PeriodUnitEnum) "",
  TrialPeriod: (int) 0,
  TrialPeriodUnit: (enums.TrialPeriodUnitEnum) "",
  TrialEndAction: (enums.TrialEndActionEnum) "",
  ShippingPeriod: (int) 0,
  ShippingPeriodUnit: (enums.ShippingPeriodUnitEnum) "",
  BillingCycles: (int) 0,
  FreeQuantity: (int) 0,
  FreeQuantityInDecimal: (string) "",
  Channel: (enums.ChannelEnum) "",
  ResourceVersion: (int64) 0,
  UpdatedAt: (uint64) 0,
  CreatedAt: (uint64) 0,
  ArchivedAt: (uint64) 0,
  InvoiceNotes: (string) "",
  IsTaxable: (bool) false,
  Metadata: (map[string]interface {}) <nil>,
  ItemType: (enums.ItemTypeEnum) "",
  ShowDescriptionInInvoices: (bool) false,
  ShowDescriptionInQuotes: (bool) false,
  Tiers: ([]models.Tier) <nil>,
  TaxDetail: (models.TaxDetail) {
  },
  TaxProvidersFields: ([]models.TaxProvidersField) <nil>,
  AccountingDetail: (models.AccountingDetail) {
  }
 },
 (chargebee.ItemPrice) {
  Id: (string) "",
  Name: (string) "",
  ItemFamilyId: (string) "",
  ItemId: (string) "",
  Description: (string) "",
  Status: (enums.StatusEnum) "",
  ExternalName: (string) "",
  PriceVariantId: (string) "",
  ProrationType: (enums.ProrationTypeEnum) "",
  PricingModel: (enums.PricingModelEnum) "",
  Price: (uint64) 0,
  PriceInDecimal: (string) "",
  Period: (int) 0,
  CurrencyCode: (string) "",
  PeriodUnit: (enums.PeriodUnitEnum) "",
  TrialPeriod: (int) 0,
  TrialPeriodUnit: (enums.TrialPeriodUnitEnum) "",
  TrialEndAction: (enums.TrialEndActionEnum) "",
  ShippingPeriod: (int) 0,
  ShippingPeriodUnit: (enums.ShippingPeriodUnitEnum) "",
  BillingCycles: (int) 0,
  FreeQuantity: (int) 0,
  FreeQuantityInDecimal: (string) "",
  Channel: (enums.ChannelEnum) "",
  ResourceVersion: (int64) 0,
  UpdatedAt: (uint64) 0,
  CreatedAt: (uint64) 0,
  ArchivedAt: (uint64) 0,
  InvoiceNotes: (string) "",
  IsTaxable: (bool) false,
  Metadata: (map[string]interface {}) <nil>,
  ItemType: (enums.ItemTypeEnum) "",
  ShowDescriptionInInvoices: (bool) false,
  ShowDescriptionInQuotes: (bool) false,
  Tiers: ([]models.Tier) <nil>,
  TaxDetail: (models.TaxDetail) {
  },
  TaxProvidersFields: ([]models.TaxProvidersField) <nil>,
  AccountingDetail: (models.AccountingDetail) {
  }
 },
 (chargebee.ItemPrice) {
  Id: (string) "",
  Name: (string) "",
  ItemFamilyId: (string) "",
  ItemId: (string) "",
  Description: (string) "",
  Status: (enums.StatusEnum) "",
  ExternalName: (string) "",
  PriceVariantId: (string) "",
  ProrationType: (enums.ProrationTypeEnum) "",
  PricingModel: (enums.PricingModelEnum) "",
  Price: (uint64) 0,
  PriceInDecimal: (string) "",
  Period: (int) 0,
  CurrencyCode: (string) "",
  PeriodUnit: (enums.PeriodUnitEnum) "",
  TrialPeriod: (int) 0,
  TrialPeriodUnit: (enums.TrialPeriodUnitEnum) "",
  TrialEndAction: (enums.TrialEndActionEnum) "",
  ShippingPeriod: (int) 0,
  ShippingPeriodUnit: (enums.ShippingPeriodUnitEnum) "",
  BillingCycles: (int) 0,
  FreeQuantity: (int) 0,
  FreeQuantityInDecimal: (string) "",
  Channel: (enums.ChannelEnum) "",
  ResourceVersion: (int64) 0,
  UpdatedAt: (uint64) 0,
  CreatedAt: (uint64) 0,
  ArchivedAt: (uint64) 0,
  InvoiceNotes: (string) "",
  IsTaxable: (bool) false,
  Metadata: (map[string]interface {}) <nil>,
  ItemType: (enums.ItemTypeEnum) "",
  ShowDescriptionInInvoices: (bool) false,
  ShowDescriptionInQuotes: (bool) false,
  Tiers: ([]models.Tier) <nil>,
  TaxDetail: (models.TaxDetail) {
  },
  TaxProvidersFields: ([]models.TaxProvidersField) <nil>,
  AccountingDetail: (models.AccountingDetail) {
  }
 },
 (chargebee.ItemPrice) {
  Id: (string) "",
  Name: (string) "",
  ItemFamilyId: (string) "",
  ItemId: (string) "",
  Description: (string) "",
  Status: (enums.StatusEnum) "",
  ExternalName: (string) "",
  PriceVariantId: (string) "",
  ProrationType: (enums.ProrationTypeEnum) "",
  PricingModel: (enums.PricingModelEnum) "",
  Price: (uint64) 0,
  PriceInDecimal: (string) "",
  Period: (int) 0,
  CurrencyCode: (string) "",
  PeriodUnit: (enums.PeriodUnitEnum) "",
  TrialPeriod: (int) 0,
  TrialPeriodUnit: (enums.TrialPeriodUnitEnum) "",
  TrialEndAction: (enums.TrialEndActionEnum) "",
  ShippingPeriod: (int) 0,
  ShippingPeriodUnit: (enums.ShippingPeriodUnitEnum) "",
  BillingCycles: (int) 0,
  FreeQuantity: (int) 0,
  FreeQuantityInDecimal: (string) "",
  Channel: (enums.ChannelEnum) "",
  ResourceVersion: (int64) 0,
  UpdatedAt: (uint64) 0,
  CreatedAt: (uint64) 0,
  ArchivedAt: (uint64) 0,
  InvoiceNotes: (string) "",
  IsTaxable: (bool) false,
  Metadata: (map[string]interface {}) <nil>,
  ItemType: (enums.ItemTypeEnum) "",
  ShowDescriptionInInvoices: (bool) false,
  ShowDescriptionInQuotes: (bool) false,
  Tiers: ([]models.Tier) <nil>,
  TaxDetail: (models.TaxDetail) {
  },
  TaxProvidersFields: ([]models.TaxProvidersField) <nil>,
  AccountingDetail: (models.AccountingDetail) {
  }
 },
 (chargebee.ItemPrice) {
  Id: (string) "",
  Name: (string) "",
  ItemFamilyId: (string) "",
  ItemId: (string) "",
  Description: (string) "",
  Status: (enums.StatusEnum) "",
  ExternalName: (string) "",
  PriceVariantId: (string) "",
  ProrationType: (enums.ProrationTypeEnum) "",
  PricingModel: (enums.PricingModelEnum) "",
  Price: (uint64) 0,
  PriceInDecimal: (string) "",
  Period: (int) 0,
  CurrencyCode: (string) "",
  PeriodUnit: (enums.PeriodUnitEnum) "",
  TrialPeriod: (int) 0,
  TrialPeriodUnit: (enums.TrialPeriodUnitEnum) "",
  TrialEndAction: (enums.TrialEndActionEnum) "",
  ShippingPeriod: (int) 0,
  ShippingPeriodUnit: (enums.ShippingPeriodUnitEnum) "",
  BillingCycles: (int) 0,
  FreeQuantity: (int) 0,
  FreeQuantityInDecimal: (string) "",
  Channel: (enums.ChannelEnum) "",
  ResourceVersion: (int64) 0,
  UpdatedAt: (uint64) 0,
  CreatedAt: (uint64) 0,
  ArchivedAt: (uint64) 0,
  InvoiceNotes: (string) "",
  IsTaxable: (bool) false,
  Metadata: (map[string]interface {}) <nil>,
  ItemType: (enums.ItemTypeEnum) "",
  ShowDescriptionInInvoices: (bool) false,
  ShowDescriptionInQuotes: (bool) false,
  Tiers: ([]models.Tier) <nil>,
  TaxDetail: (models.TaxDetail) {
  },
  TaxProvidersFields: ([]models.TaxProvidersField) <nil>,
  AccountingDetail: (models.AccountingDetail) {
  }
 },
 (chargebee.ItemPrice) {
  Id: (string) "",
  Name: (string) "",
  ItemFamilyId: (string) "",
  ItemId: (string) "",
  Description: (string) "",
  Status: (enums.StatusEnum) "",
  ExternalName: (string) "",
  PriceVariantId: (string) "",
  ProrationType: (enums.ProrationTypeEnum) "",
  PricingModel: (enums.PricingModelEnum) "",
  Price: (uint64) 0,
  PriceInDecimal: (string) "",
  Period: (int) 0,
  CurrencyCode: (string) "",
  PeriodUnit: (enums.PeriodUnitEnum) "",
  TrialPeriod: (int) 0,
  TrialPeriodUnit: (enums.TrialPeriodUnitEnum) "",
  TrialEndAction: (enums.TrialEndActionEnum) "",
  ShippingPeriod: (int) 0,
  ShippingPeriodUnit: (enums.ShippingPeriodUnitEnum) "",
  BillingCycles: (int) 0,
  FreeQuantity: (int) 0,
  FreeQuantityInDecimal: (string) "",
  Channel: (enums.ChannelEnum) "",
  ResourceVersion: (int64) 0,
  UpdatedAt: (uint64) 0,
  CreatedAt: (uint64) 0,
  ArchivedAt: (uint64) 0,
  InvoiceNotes: (string) "",
  IsTaxable: (bool) false,
  Metadata: (map[string]interface {}) <nil>,
  ItemType: (enums.ItemTypeEnum) "",
  ShowDescriptionInInvoices: (bool) false,
  ShowDescriptionInQuotes: (bool) false,
  Tiers: ([]models.Tier) <nil>,
  TaxDetail: (models.TaxDetail) {
  },
  TaxProvidersFields: ([]models.TaxProvidersField) <nil>,
  AccountingDetail: (models.AccountingDetail) {
  }
 },
 (chargebee.ItemPrice) {
  Id: (string) "",
  Name: (string) "",
  ItemFamilyId: (string) "",
  ItemId: (string) "",
  Description: (string) "",
  Status: (enums.StatusEnum) "",
  ExternalName: (string) "",
  PriceVariantId: (string) "",
  ProrationType: (enums.ProrationTypeEnum) "",
  PricingModel: (enums.PricingModelEnum) "",
  Price: (uint64) 0,
  PriceInDecimal: (string) "",
  Period: (int) 0,
  CurrencyCode: (string) "",
  PeriodUnit: (enums.PeriodUnitEnum) "",
  TrialPeriod: (int) 0,
  TrialPeriodUnit: (enums.TrialPeriodUnitEnum) "",
  TrialEndAction: (enums.TrialEndActionEnum) "",
  ShippingPeriod: (int) 0,
  ShippingPeriodUnit: (enums.ShippingPeriodUnitEnum) "",
  BillingCycles: (int) 0,
  FreeQuantity: (int) 0,
  FreeQuantityInDecimal: (string) "",
  Channel: (enums.ChannelEnum) "",
  ResourceVersion: (int64) 0,
  UpdatedAt: (uint64) 0,
  CreatedAt: (uint64) 0,
  ArchivedAt: (uint64) 0,
  InvoiceNotes: (string) "",
  IsTaxable: (bool) false,
  Metadata: (map[string]interface {}) <nil>,
  ItemType: (enums.ItemTypeEnum) "",
  ShowDescriptionInInvoices: (bool) false,
  ShowDescriptionInQuotes: (bool) false,
  Tiers: ([]models.Tier) <nil>,
  TaxDetail: (models.TaxDetail) {
  },
  TaxProvidersFields: ([]models.TaxProvidersField) <nil>,
  AccountingDetail: (models.AccountingDetail) {
  }
 },
 (chargebee.ItemPrice) {
  Id: (string) "",
  Name: (string) "",
  ItemFamilyId: (string) "",
  ItemId: (string) "",
  Description: (string) "",
  Status: (enums.StatusEnum) "",
  ExternalName: (string) "",
  PriceVariantId: (string) "",
  ProrationType: (enums.ProrationTypeEnum) "",
  PricingModel: (enums.PricingModelEnum) "",
  Price: (uint64) 0,
  PriceInDecimal: (string) "",
  Period: (int) 0,
  CurrencyCode: (string) "",
  PeriodUnit: (enums.PeriodUnitEnum) "",
  TrialPeriod: (int) 0,
  TrialPeriodUnit: (enums.TrialPeriodUnitEnum) "",
  TrialEndAction: (enums.TrialEndActionEnum) "",
  ShippingPeriod: (int) 0,
  ShippingPeriodUnit: (enums.ShippingPeriodUnitEnum) "",
  BillingCycles: (int) 0,
  FreeQuantity: (int) 0,
  FreeQuantityInDecimal: (string) "",
  Channel: (enums.ChannelEnum) "",
  ResourceVersion: (int64) 0,
  UpdatedAt: (uint64) 0,
  CreatedAt: (uint64) 0,
  ArchivedAt: (uint64) 0,
  InvoiceNotes: (string) "",
  IsTaxable: (bool) false,
  Metadata: (map[string]interface {}) <nil>,
  ItemType: (enums.ItemTypeEnum) "",
  ShowDescriptionInInvoices: (bool) false,
  ShowDescriptionInQuotes: (bool) false,
  Tiers: ([]models.Tier) <nil>,
  TaxDetail: (models.TaxDetail) {
  },
  TaxProvidersFields: ([]models.TaxProvidersField) <nil>,
  AccountingDetail: (models.AccountingDetail) {
  }
 },
 (chargebee.ItemPrice) {
  Id: (string) "",
  Name: (string) "",
  ItemFamilyId: (string) "",
  ItemId: (string) "",
  Description: (string) "",
  Status: (enums.StatusEnum) "",
  ExternalName: (string) "",
  PriceVariantId: (string) "",
  ProrationType: (enums.ProrationTypeEnum) "",
  PricingModel: (enums.PricingModelEnum) "",
  Price: (uint64) 0,
  PriceInDecimal: (string) "",
  Period: (int) 0,
  CurrencyCode: (string) "",
  PeriodUnit: (enums.PeriodUnitEnum) "",
  TrialPeriod: (int) 0,
  TrialPeriodUnit: (enums.TrialPeriodUnitEnum) "",
  TrialEndAction: (enums.TrialEndActionEnum) "",
  ShippingPeriod: (int) 0,
  ShippingPeriodUnit: (enums.ShippingPeriodUnitEnum) "",
  BillingCycles: (int) 0,
  FreeQuantity: (int) 0,
  FreeQuantityInDecimal: (string) "",
  Channel: (enums.ChannelEnum) "",
  ResourceVersion: (int64) 0,
  UpdatedAt: (uint64) 0,
  CreatedAt: (uint64) 0,
  ArchivedAt: (uint64) 0,
  InvoiceNotes: (string) "",
  IsTaxable: (bool) false,
  Metadata: (map[string]interface {}) <nil>,
  ItemType: (enums.ItemTypeEnum) "",
  ShowDescriptionInInvoices: (bool) false,
  ShowDescriptionInQuotes: (bool) false,
  Tiers: ([]models.Tier) <nil>,
  TaxDetail: (models.TaxDetail) {
  },
  TaxProvidersFields: ([]models.TaxProvidersField) <nil>,
  AccountingDetail: (models.AccountingDetail) {
  }
 },
 (chargebee.ItemPrice) {
  Id: (string) "",
  Name: (string) "",
  ItemFamilyId: (string) "",
  ItemId: (string) "",
  Description: (string) "",
  Status: (enums.StatusEnum) "",
  ExternalName: (string) "",
  PriceVariantId: (string) "",
  ProrationType: (enums.ProrationTypeEnum) "",
  PricingModel: (enums.PricingModelEnum) "",
  Price: (uint64) 0,
  PriceInDecimal: (string) "",
  Period: (int) 0,
  CurrencyCode: (string) "",
  PeriodUnit: (enums.PeriodUnitEnum) "",
  TrialPeriod: (int) 0,
  TrialPeriodUnit: (enums.TrialPeriodUnitEnum) "",
  TrialEndAction: (enums.TrialEndActionEnum) "",
  ShippingPeriod: (int) 0,
  ShippingPeriodUnit: (enums.ShippingPeriodUnitEnum) "",
  BillingCycles: (int) 0,
  FreeQuantity: (int) 0,
  FreeQuantityInDecimal: (string) "",
  Channel: (enums.ChannelEnum) "",
  ResourceVersion: (int64) 0,
  UpdatedAt: (uint64) 0,
  CreatedAt: (uint64) 0,
  ArchivedAt: (uint64) 0,
  InvoiceNotes: (string) "",
  IsTaxable: (bool) false,
  Metadata: (map[string]interface {}) <nil>,
  ItemType: (enums.ItemTypeEnum) "",
  ShowDescriptionInInvoices: (bool) false,
  ShowDescriptionInQuotes: (bool) false,
  Tiers: ([]models.Tier) <nil>,
  TaxDetail: (models.TaxDetail) {
  },
  TaxProvidersFields: ([]models.TaxProvidersField) <nil>,
  AccountingDetail: (models.AccountingDetail) {
  }
 },
 (chargebee.ItemPrice) {
  Id: (string) "",
  Name: (string) "",
  ItemFamilyId: (string) "",
  ItemId: (string) "",
  Description: (string) "",
  Status: (enums.StatusEnum) "",
  ExternalName: (string) "",
  PriceVariantId: (string) "",
  ProrationType: (enums.ProrationTypeEnum) "",
  PricingModel: (enums.PricingModelEnum) "",
  Price: (uint64) 0,
  PriceInDecimal: (string) "",
  Period: (int) 0,
  CurrencyCode: (string) "",
  PeriodUnit: (enums.PeriodUnitEnum) "",
  TrialPeriod: (int) 0,
  TrialPeriodUnit: (enums.TrialPeriodUnitEnum) "",
  TrialEndAction: (enums.TrialEndActionEnum) "",
  ShippingPeriod: (int) 0,
  ShippingPeriodUnit: (enums.ShippingPeriodUnitEnum) "",
  BillingCycles: (int) 0,
  FreeQuantity: (int) 0,
  FreeQuantityInDecimal: (string) "",
  Channel: (enums.ChannelEnum) "",
  ResourceVersion: (int64) 0,
  UpdatedAt: (uint64) 0,
  CreatedAt: (uint64) 0,
  ArchivedAt: (uint64) 0,
  InvoiceNotes: (string) "",
  IsTaxable: (bool) false,
  Metadata: (map[string]interface {}) <nil>,
  ItemType: (enums.ItemTypeEnum) "",
  ShowDescriptionInInvoices: (bool) false,
  ShowDescriptionInQuotes: (bool) false,
  Tiers: ([]models.Tier) <nil>,
  TaxDetail: (models.TaxDetail) {
  },
  TaxProvidersFields: ([]models.TaxProvidersField) <nil>,
  AccountingDetail: (models.AccountingDetail) {
  }
 },
 (chargebee.ItemPrice) {
  Id: (string) "",
  Name: (string) "",
  ItemFamilyId: (string) "",
  ItemId: (string) "",
  Description: (string) "",
  Status: (enums.StatusEnum) "",
  ExternalName: (string) "",
  PriceVariantId: (string) "",
  ProrationType: (enums.ProrationTypeEnum) "",
  PricingModel: (enums.PricingModelEnum) "",
  Price: (uint64) 0,
  PriceInDecimal: (string) "",
  Period: (int) 0,
  CurrencyCode: (string) "",
  PeriodUnit: (enums.PeriodUnitEnum) "",
  TrialPeriod: (int) 0,
  TrialPeriodUnit: (enums.TrialPeriodUnitEnum) "",
  TrialEndAction: (enums.TrialEndActionEnum) "",
  ShippingPeriod: (int) 0,
  ShippingPeriodUnit: (enums.ShippingPeriodUnitEnum) "",
  BillingCycles: (int) 0,
  FreeQuantity: (int) 0,
  FreeQuantityInDecimal: (string) "",
  Channel: (enums.ChannelEnum) "",
  ResourceVersion: (int64) 0,
  UpdatedAt: (uint64) 0,
  CreatedAt: (uint64) 0,
  ArchivedAt: (uint64) 0,
  InvoiceNotes: (string) "",
  IsTaxable: (bool) false,
  Metadata: (map[string]interface {}) <nil>,
  ItemType: (enums.ItemTypeEnum) "",
  ShowDescriptionInInvoices: (bool) false,
  ShowDescriptionInQuotes: (bool) false,
  Tiers: ([]models.Tier) <nil>,
  TaxDetail: (models.TaxDetail) {
  },
  TaxProvidersFields: ([]models.TaxProvidersField) <nil>,
  AccountingDetail: (models.AccountingDetail) {
  }
 },
 (chargebee.ItemPrice) {
  Id: (string) "",
  Name: (string) "",
  ItemFamilyId: (string) "",
  ItemId: (string) "",
  Description: (string) "",
  Status: (enums.StatusEnum) "",
  ExternalName: (string) "",
  PriceVariantId: (string) "",
  ProrationType: (enums.ProrationTypeEnum) "",
  PricingModel: (enums.PricingModelEnum) "",
  Price: (uint64) 0,
  PriceInDecimal: (string) "",
  Period: (int) 0,
  CurrencyCode: (string) "",
  PeriodUnit: (enums.PeriodUnitEnum) "",
  TrialPeriod: (int) 0,
  TrialPeriodUnit: (enums.TrialPeriodUnitEnum) "",
  TrialEndAction: (enums.TrialEndActionEnum) "",
  ShippingPeriod: (int) 0,
  ShippingPeriodUnit: (enums.ShippingPeriodUnitEnum) "",
  BillingCycles: (int) 0,
  FreeQuantity: (int) 0,
  FreeQuantityInDecimal: (string) "",
  Channel: (enums.ChannelEnum) "",
  ResourceVersion: (int64) 0,
  UpdatedAt: (uint64) 0,
  CreatedAt: (uint64) 0,
  ArchivedAt: (uint64) 0,
  InvoiceNotes: (string) "",
  IsTaxable: (bool) false,
  Metadata: (map[string]interface {}) <nil>,
  ItemType: (enums.ItemTypeEnum) "",
  ShowDescriptionInInvoices: (bool) false,
  ShowDescriptionInQuotes: (bool) false,
  Tiers: ([]models.Tier) <nil>,
  TaxDetail: (models.TaxDetail) {
  },
  TaxProvidersFields: ([]models.TaxProvidersField) <nil>,
  AccountingDetail: (models.AccountingDetail) {
  }
 },
 (chargebee.ItemPrice) {
  Id: (string) "",
  Name: (string) "",
  ItemFamilyId: (string) "",
  ItemId: (string) "",
  Description: (string) "",
  Status: (enums.StatusEnum) "",
  ExternalName: (string) "",
  PriceVariantId: (string) "",
  ProrationType: (enums.ProrationTypeEnum) "",
  PricingModel: (enums.PricingModelEnum) "",
  Price: (uint64) 0,
  PriceInDecimal: (string) "",
  Period: (int) 0,
  CurrencyCode: (string) "",
  PeriodUnit: (enums.PeriodUnitEnum) "",
  TrialPeriod: (int) 0,
  TrialPeriodUnit: (enums.TrialPeriodUnitEnum) "",
  TrialEndAction: (enums.TrialEndActionEnum) "",
  ShippingPeriod: (int) 0,
  ShippingPeriodUnit: (enums.ShippingPeriodUnitEnum) "",
  BillingCycles: (int) 0,
  FreeQuantity: (int) 0,
  FreeQuantityInDecimal: (string) "",
  Channel: (enums.ChannelEnum) "",
  ResourceVersion: (int64) 0,
  UpdatedAt: (uint64) 0,
  CreatedAt: (uint64) 0,
  ArchivedAt: (uint64) 0,
  InvoiceNotes: (string) "",
  IsTaxable: (bool) false,
  Metadata: (map[string]interface {}) <nil>,
  ItemType: (enums.ItemTypeEnum) "",
  ShowDescriptionInInvoices: (bool) false,
  ShowDescriptionInQuotes: (bool) false,
  Tiers: ([]models.Tier) <nil>,
  TaxDetail: (models.TaxDetail) {
  },
  TaxProvidersFields: ([]models.TaxProvidersField) <nil>,
  AccountingDetail: (models.AccountingDetail) {
  }
 },
 (chargebee.ItemPrice) {
  Id: (string) "",
  Name: (string) "",
  ItemFamilyId: (string) "",
  ItemId: (string) "",
  Description: (string) "",
  Status: (enums.StatusEnum) "",
  ExternalName: (string) "",
  PriceVariantId: (string) "",
  ProrationType: (enums.ProrationTypeEnum) "",
  PricingModel: (enums.PricingModelEnum) "",
  Price: (uint64) 0,
  PriceInDecimal: (string) "",
  Period: (int) 0,
  CurrencyCode: (string) "",
  PeriodUnit: (enums.PeriodUnitEnum) "",
  TrialPeriod: (int) 0,
  TrialPeriodUnit: (enums.TrialPeriodUnitEnum) "",
  TrialEndAction: (enums.TrialEndActionEnum) "",
  ShippingPeriod: (int) 0,
  ShippingPeriodUnit: (enums.ShippingPeriodUnitEnum) "",
  BillingCycles: (int) 0,
  FreeQuantity: (int) 0,
  FreeQuantityInDecimal: (string) "",
  Channel: (enums.ChannelEnum) "",
  ResourceVersion: (int64) 0,
  UpdatedAt: (uint64) 0,
  CreatedAt: (uint64) 0,
  ArchivedAt: (uint64) 0,
  InvoiceNotes: (string) "",
  IsTaxable: (bool) false,
  Metadata: (map[string]interface {}) <nil>,
  ItemType: (enums.ItemTypeEnum) "",
  ShowDescriptionInInvoices: (bool) false,
  ShowDescriptionInQuotes: (bool) false,
  Tiers: ([]models.Tier) <nil>,
  TaxDetail: (models.TaxDetail) {
  },
  TaxProvidersFields: ([]models.TaxProvidersField) <nil>,
  AccountingDetail: (models.AccountingDetail) {
  }
 },
 (chargebee.ItemPrice) {
  Id: (string) "",
  Name: (string) "",
  ItemFamilyId: (string) "",
  ItemId: (string) "",
  Description: (string) "",
  Status: (enums.StatusEnum) "",
  ExternalName: (string) "",
  PriceVariantId: (string) "",
  ProrationType: (enums.ProrationTypeEnum) "",
  PricingModel: (enums.PricingModelEnum) "",
  Price: (uint64) 0,
  PriceInDecimal: (string) "",
  Period: (int) 0,
  CurrencyCode: (string) "",
  PeriodUnit: (enums.PeriodUnitEnum) "",
  TrialPeriod: (int) 0,
  TrialPeriodUnit: (enums.TrialPeriodUnitEnum) "",
  TrialEndAction: (enums.TrialEndActionEnum) "",
  ShippingPeriod: (int) 0,
  ShippingPeriodUnit: (enums.ShippingPeriodUnitEnum) "",
  BillingCycles: (int) 0,
  FreeQuantity: (int) 0,
  FreeQuantityInDecimal: (string) "",
  Channel: (enums.ChannelEnum) "",
  ResourceVersion: (int64) 0,
  UpdatedAt: (uint64) 0,
  CreatedAt: (uint64) 0,
  ArchivedAt: (uint64) 0,
  InvoiceNotes: (string) "",
  IsTaxable: (bool) false,
  Metadata: (map[string]interface {}) <nil>,
  ItemType: (enums.ItemTypeEnum) "",
  ShowDescriptionInInvoices: (bool) false,
  ShowDescriptionInQuotes: (bool) false,
  Tiers: ([]models.Tier) <nil>,
  TaxDetail: (models.TaxDetail) {
  },
  TaxProvidersFields: ([]models.TaxProvidersField) <nil>,
  AccountingDetail: (models.AccountingDetail) {
  }
 },
 (chargebee.ItemPrice) {
  Id: (string) "",
  Name: (string) "",
  ItemFamilyId: (string) "",
  ItemId: (string) "",
  Description: (string) "",
  Status: (enums.StatusEnum) "",
  ExternalName: (string) "",
  PriceVariantId: (string) "",
  ProrationType: (enums.ProrationTypeEnum) "",
  PricingModel: (enums.PricingModelEnum) "",
  Price: (uint64) 0,
  PriceInDecimal: (string) "",
  Period: (int) 0,
  CurrencyCode: (string) "",
  PeriodUnit: (enums.PeriodUnitEnum) "",
  TrialPeriod: (int) 0,
  TrialPeriodUnit: (enums.TrialPeriodUnitEnum) "",
  TrialEndAction: (enums.TrialEndActionEnum) "",
  ShippingPeriod: (int) 0,
  ShippingPeriodUnit: (enums.ShippingPeriodUnitEnum) "",
  BillingCycles: (int) 0,
  FreeQuantity: (int) 0,
  FreeQuantityInDecimal: (string) "",
  Channel: (enums.ChannelEnum) "",
  ResourceVersion: (int64) 0,
  UpdatedAt: (uint64) 0,
  CreatedAt: (uint64) 0,
  ArchivedAt: (uint64) 0,
  InvoiceNotes: (string) "",
  IsTaxable: (bool) false,
  Metadata: (map[string]interface {}) <nil>,
  ItemType: (enums.ItemTypeEnum) "",
  ShowDescriptionInInvoices: (bool) false,
  ShowDescriptionInQuotes: (bool) false,
  Tiers: ([]models.Tier) <nil>,
  TaxDetail: (models.TaxDetail) {
  },
  TaxProvidersFields: ([]models.TaxProvidersField) <nil>,
  AccountingDetail: (models.AccountingDetail) {
  }
 },
 (chargebee.ItemPrice) {
  Id: (string) "",
  Name: (string) "",
  ItemFamilyId: (string) "",
  ItemId: (string) "",
  Description: (string) "",
  Status: (enums.StatusEnum) "",
  ExternalName: (string) "",
  PriceVariantId: (string) "",
  ProrationType: (enums.ProrationTypeEnum) "",
  PricingModel: (enums.PricingModelEnum) "",
  Price: (uint64) 0,
  PriceInDecimal: (string) "",
  Period: (int) 0,
  CurrencyCode: (string) "",
  PeriodUnit: (enums.PeriodUnitEnum) "",
  TrialPeriod: (int) 0,
  TrialPeriodUnit: (enums.TrialPeriodUnitEnum) "",
  TrialEndAction: (enums.TrialEndActionEnum) "",
  ShippingPeriod: (int) 0,
  ShippingPeriodUnit: (enums.ShippingPeriodUnitEnum) "",
  BillingCycles: (int) 0,
  FreeQuantity: (int) 0,
  FreeQuantityInDecimal: (string) "",
  Channel: (enums.ChannelEnum) "",
  ResourceVersion: (int64) 0,
  UpdatedAt: (uint64) 0,
  CreatedAt: (uint64) 0,
  ArchivedAt: (uint64) 0,
  InvoiceNotes: (string) "",
  IsTaxable: (bool) false,
  Metadata: (map[string]interface {}) <nil>,
  ItemType: (enums.ItemTypeEnum) "",
  ShowDescriptionInInvoices: (bool) false,
  ShowDescriptionInQuotes: (bool) false,
  Tiers: ([]models.Tier) <nil>,
  TaxDetail: (models.TaxDetail) {
  },
  TaxProvidersFields: ([]models.TaxProvidersField) <nil>,
  AccountingDetail: (models.AccountingDetail) {
  }
 },
 (chargebee.ItemPrice) {
  Id: (string) "",
  Name: (string) "",
  ItemFamilyId: (string) "",
  ItemId: (string) "",
  Description: (string) "",
  Status: (enums.StatusEnum) "",
  ExternalName: (string) "",
  PriceVariantId: (string) "",
  ProrationType: (enums.ProrationTypeEnum) "",
  PricingModel: (enums.PricingModelEnum) "",
  Price: (uint64) 0,
  PriceInDecimal: (string) "",
  Period: (int) 0,
  CurrencyCode: (string) "",
  PeriodUnit: (enums.PeriodUnitEnum) "",
  TrialPeriod: (int) 0,
  TrialPeriodUnit: (enums.TrialPeriodUnitEnum) "",
  TrialEndAction: (enums.TrialEndActionEnum) "",
  ShippingPeriod: (int) 0,
  ShippingPeriodUnit: (enums.ShippingPeriodUnitEnum) "",
  BillingCycles: (int) 0,
  FreeQuantity: (int) 0,
  FreeQuantityInDecimal: (string) "",
  Channel: (enums.ChannelEnum) "",
  ResourceVersion: (int64) 0,
  UpdatedAt: (uint64) 0,
  CreatedAt: (uint64) 0,
  ArchivedAt: (uint64) 0,
  InvoiceNotes: (string) "",
  IsTaxable: (bool) false,
  Metadata: (map[string]interface {}) <nil>,
  ItemType: (enums.ItemTypeEnum) "",
  ShowDescriptionInInvoices: (bool) false,
  ShowDescriptionInQuotes: (bool) false,
  Tiers: ([]models.Tier) <nil>,
  TaxDetail: (models.TaxDetail) {
  },
  TaxProvidersFields: ([]models.TaxProvidersField) <nil>,
  AccountingDetail: (models.AccountingDetail) {
  }
 }
}
'''
