# Generated by goldga. DO NOT EDIT.
[snapshots]
"Chargebee items when accessing items API should be able list items" = '''
([]chargebee.Item) (len=20) {
 (chargebee.Item) {
  Id: (string) (len=19) "cbdemo_setup_charge",
  Name: (string) (len=12) "Setup Charge",
  ExternalName: (string) (len=12) "Setup Charge",
  Description: (string) (len=50) "Additional one-time charge for setting up support.",
  Status: (enums.StatusEnum) (len=6) "active",
  ResourceVersion: (int64) 1726438539430,
  UpdatedAt: (uint64) 1726438539,
  ItemFamilyId: (string) (len=19) "cbdemo_pf_analytics",
  Type: (enums.TypeEnum) (len=6) "charge",
  IsShippable: (bool) false,
  IsGiftable: (bool) false,
  RedirectUrl: (string) "",
  EnabledForCheckout: (bool) true,
  EnabledInPortal: (bool) true,
  IncludedInMrr: (bool) false,
  ItemApplicability: (enums.ItemApplicabilityEnum) "",
  GiftClaimRedirectUrl: (string) "",
  Unit: (string) "",
  Metered: (bool) false,
  UsageCalculation: (enums.UsageCalculationEnum) "",
  ArchivedAt: (uint64) 0,
  Channel: (enums.ChannelEnum) (len=3) "web",
  Metadata: (map[string]interface {}) <nil>,
  ApplicableItems: ([]models.ApplicableItem) <nil>,
  BundleItems: ([]models.BundleItem) {
  }
 },
 (chargebee.Item) {
  Id: (string) (len=32) "cbdemo_analytics_additionalusers",
  Name: (string) (len=16) "Additional Users",
  ExternalName: (string) (len=16) "Additional Users",
  Description: (string) (len=34) "Avail access for additional users.",
  Status: (enums.StatusEnum) (len=6) "active",
  ResourceVersion: (int64) 1726438539369,
  UpdatedAt: (uint64) 1726438539,
  ItemFamilyId: (string) (len=19) "cbdemo_pf_analytics",
  Type: (enums.TypeEnum) (len=5) "addon",
  IsShippable: (bool) false,
  IsGiftable: (bool) false,
  RedirectUrl: (string) "",
  EnabledForCheckout: (bool) true,
  EnabledInPortal: (bool) true,
  IncludedInMrr: (bool) false,
  ItemApplicability: (enums.ItemApplicabilityEnum) "",
  GiftClaimRedirectUrl: (string) "",
  Unit: (string) "",
  Metered: (bool) false,
  UsageCalculation: (enums.UsageCalculationEnum) "",
  ArchivedAt: (uint64) 0,
  Channel: (enums.ChannelEnum) (len=3) "web",
  Metadata: (map[string]interface {}) <nil>,
  ApplicableItems: ([]models.ApplicableItem) <nil>,
  BundleItems: ([]models.BundleItem) {
  }
 },
 (chargebee.Item) {
  Id: (string) (len=27) "cbdemo_additional_analytics",
  Name: (string) (len=20) "Additional Analytics",
  ExternalName: (string) (len=20) "Additional Analytics",
  Description: (string) (len=58) "Avail access to more advanced analytics for your business.",
  Status: (enums.StatusEnum) (len=6) "active",
  ResourceVersion: (int64) 1726438539300,
  UpdatedAt: (uint64) 1726438539,
  ItemFamilyId: (string) (len=19) "cbdemo_pf_analytics",
  Type: (enums.TypeEnum) (len=5) "addon",
  IsShippable: (bool) false,
  IsGiftable: (bool) false,
  RedirectUrl: (string) "",
  EnabledForCheckout: (bool) true,
  EnabledInPortal: (bool) true,
  IncludedInMrr: (bool) false,
  ItemApplicability: (enums.ItemApplicabilityEnum) "",
  GiftClaimRedirectUrl: (string) "",
  Unit: (string) "",
  Metered: (bool) false,
  UsageCalculation: (enums.UsageCalculationEnum) "",
  ArchivedAt: (uint64) 0,
  Channel: (enums.ChannelEnum) (len=3) "web",
  Metadata: (map[string]interface {}) <nil>,
  ApplicableItems: ([]models.ApplicableItem) <nil>,
  BundleItems: ([]models.BundleItem) {
  }
 },
 (chargebee.Item) {
  Id: (string) (len=15) "cbdemo_advanced",
  Name: (string) (len=8) "Advanced",
  ExternalName: (string) (len=8) "Advanced",
  Description: (string) (len=99) "Uncover hidden insights and carry out deeper analytics for your enterprise with this advanced plan.",
  Status: (enums.StatusEnum) (len=6) "active",
  ResourceVersion: (int64) 1726438539229,
  UpdatedAt: (uint64) 1726438539,
  ItemFamilyId: (string) (len=19) "cbdemo_pf_analytics",
  Type: (enums.TypeEnum) (len=4) "plan",
  IsShippable: (bool) false,
  IsGiftable: (bool) false,
  RedirectUrl: (string) "",
  EnabledForCheckout: (bool) true,
  EnabledInPortal: (bool) true,
  IncludedInMrr: (bool) false,
  ItemApplicability: (enums.ItemApplicabilityEnum) (len=3) "all",
  GiftClaimRedirectUrl: (string) "",
  Unit: (string) "",
  Metered: (bool) false,
  UsageCalculation: (enums.UsageCalculationEnum) "",
  ArchivedAt: (uint64) 0,
  Channel: (enums.ChannelEnum) (len=3) "web",
  Metadata: (map[string]interface {}) <nil>,
  ApplicableItems: ([]models.ApplicableItem) <nil>,
  BundleItems: ([]models.BundleItem) {
  }
 },
 (chargebee.Item) {
  Id: (string) (len=19) "cbdemo_intermediary",
  Name: (string) (len=12) "Intermediary",
  ExternalName: (string) (len=12) "Intermediary",
  Description: (string) (len=77) "Smart plan with the right mix of basic and slightly advanced reporting tools.",
  Status: (enums.StatusEnum) (len=6) "active",
  ResourceVersion: (int64) 1726438539137,
  UpdatedAt: (uint64) 1726438539,
  ItemFamilyId: (string) (len=19) "cbdemo_pf_analytics",
  Type: (enums.TypeEnum) (len=4) "plan",
  IsShippable: (bool) false,
  IsGiftable: (bool) false,
  RedirectUrl: (string) "",
  EnabledForCheckout: (bool) true,
  EnabledInPortal: (bool) true,
  IncludedInMrr: (bool) false,
  ItemApplicability: (enums.ItemApplicabilityEnum) (len=3) "all",
  GiftClaimRedirectUrl: (string) "",
  Unit: (string) "",
  Metered: (bool) false,
  UsageCalculation: (enums.UsageCalculationEnum) "",
  ArchivedAt: (uint64) 0,
  Channel: (enums.ChannelEnum) (len=3) "web",
  Metadata: (map[string]interface {}) <nil>,
  ApplicableItems: ([]models.ApplicableItem) <nil>,
  BundleItems: ([]models.BundleItem) {
  }
 },
 (chargebee.Item) {
  Id: (string) (len=12) "cbdemo_basic",
  Name: (string) (len=5) "Basic",
  ExternalName: (string) (len=5) "Basic",
  Description: (string) (len=55) "Starter plan for all your basic reporting requirements.",
  Status: (enums.StatusEnum) (len=6) "active",
  ResourceVersion: (int64) 1726438539073,
  UpdatedAt: (uint64) 1726438539,
  ItemFamilyId: (string) (len=19) "cbdemo_pf_analytics",
  Type: (enums.TypeEnum) (len=4) "plan",
  IsShippable: (bool) false,
  IsGiftable: (bool) false,
  RedirectUrl: (string) "",
  EnabledForCheckout: (bool) true,
  EnabledInPortal: (bool) true,
  IncludedInMrr: (bool) false,
  ItemApplicability: (enums.ItemApplicabilityEnum) (len=3) "all",
  GiftClaimRedirectUrl: (string) "",
  Unit: (string) "",
  Metered: (bool) false,
  UsageCalculation: (enums.UsageCalculationEnum) "",
  ArchivedAt: (uint64) 0,
  Channel: (enums.ChannelEnum) (len=3) "web",
  Metadata: (map[string]interface {}) <nil>,
  ApplicableItems: ([]models.ApplicableItem) <nil>,
  BundleItems: ([]models.BundleItem) {
  }
 },
 (chargebee.Item) {
  Id: (string) (len=28) "cbdemo_implementation_charge",
  Name: (string) (len=21) "Implementation Charge",
  ExternalName: (string) (len=21) "Implementation Charge",
  Description: (string) (len=54) "Additional one-time charge for implementation support.",
  Status: (enums.StatusEnum) (len=6) "active",
  ResourceVersion: (int64) 1726438539012,
  UpdatedAt: (uint64) 1726438539,
  ItemFamilyId: (string) (len=13) "cbdemo_pf_crm",
  Type: (enums.TypeEnum) (len=6) "charge",
  IsShippable: (bool) false,
  IsGiftable: (bool) false,
  RedirectUrl: (string) "",
  EnabledForCheckout: (bool) true,
  EnabledInPortal: (bool) true,
  IncludedInMrr: (bool) false,
  ItemApplicability: (enums.ItemApplicabilityEnum) "",
  GiftClaimRedirectUrl: (string) "",
  Unit: (string) "",
  Metered: (bool) false,
  UsageCalculation: (enums.UsageCalculationEnum) "",
  ArchivedAt: (uint64) 0,
  Channel: (enums.ChannelEnum) (len=3) "web",
  Metadata: (map[string]interface {}) <nil>,
  ApplicableItems: ([]models.ApplicableItem) <nil>,
  BundleItems: ([]models.BundleItem) {
  }
 },
 (chargebee.Item) {
  Id: (string) (len=27) "cbdemo_crm_conciergesupport",
  Name: (string) (len=17) "Concierge Support",
  ExternalName: (string) (len=17) "Concierge Support",
  Description: (string) (len=39) "Avail exclusive concierge support 24/7.",
  Status: (enums.StatusEnum) (len=6) "active",
  ResourceVersion: (int64) 1726438538945,
  UpdatedAt: (uint64) 1726438538,
  ItemFamilyId: (string) (len=13) "cbdemo_pf_crm",
  Type: (enums.TypeEnum) (len=5) "addon",
  IsShippable: (bool) false,
  IsGiftable: (bool) false,
  RedirectUrl: (string) "",
  EnabledForCheckout: (bool) true,
  EnabledInPortal: (bool) true,
  IncludedInMrr: (bool) false,
  ItemApplicability: (enums.ItemApplicabilityEnum) "",
  GiftClaimRedirectUrl: (string) "",
  Unit: (string) "",
  Metered: (bool) false,
  UsageCalculation: (enums.UsageCalculationEnum) "",
  ArchivedAt: (uint64) 0,
  Channel: (enums.ChannelEnum) (len=3) "web",
  Metadata: (map[string]interface {}) <nil>,
  ApplicableItems: ([]models.ApplicableItem) <nil>,
  BundleItems: ([]models.BundleItem) {
  }
 },
 (chargebee.Item) {
  Id: (string) (len=27) "cbdemo_post_payment_actions",
  Name: (string) (len=20) "Post Payment Actions",
  ExternalName: (string) (len=20) "Post Payment Actions",
  Description: (string) (len=64) "Automate all your post payment actions with this powerful addon.",
  Status: (enums.StatusEnum) (len=6) "active",
  ResourceVersion: (int64) 1726438538876,
  UpdatedAt: (uint64) 1726438538,
  ItemFamilyId: (string) (len=13) "cbdemo_pf_crm",
  Type: (enums.TypeEnum) (len=5) "addon",
  IsShippable: (bool) false,
  IsGiftable: (bool) false,
  RedirectUrl: (string) "",
  EnabledForCheckout: (bool) true,
  EnabledInPortal: (bool) true,
  IncludedInMrr: (bool) false,
  ItemApplicability: (enums.ItemApplicabilityEnum) "",
  GiftClaimRedirectUrl: (string) "",
  Unit: (string) "",
  Metered: (bool) false,
  UsageCalculation: (enums.UsageCalculationEnum) "",
  ArchivedAt: (uint64) 0,
  Channel: (enums.ChannelEnum) (len=3) "web",
  Metadata: (map[string]interface {}) <nil>,
  ApplicableItems: ([]models.ApplicableItem) <nil>,
  BundleItems: ([]models.BundleItem) {
  }
 },
 (chargebee.Item) {
  Id: (string) (len=14) "cbdemo_premium",
  Name: (string) (len=7) "Premium",
  ExternalName: (string) (len=7) "Premium",
  Description: (string) (len=44) "Advanced plan for all your enterprise needs.",
  Status: (enums.StatusEnum) (len=6) "active",
  ResourceVersion: (int64) 1726438538806,
  UpdatedAt: (uint64) 1726438538,
  ItemFamilyId: (string) (len=13) "cbdemo_pf_crm",
  Type: (enums.TypeEnum) (len=4) "plan",
  IsShippable: (bool) false,
  IsGiftable: (bool) false,
  RedirectUrl: (string) "",
  EnabledForCheckout: (bool) true,
  EnabledInPortal: (bool) true,
  IncludedInMrr: (bool) false,
  ItemApplicability: (enums.ItemApplicabilityEnum) (len=3) "all",
  GiftClaimRedirectUrl: (string) "",
  Unit: (string) "",
  Metered: (bool) false,
  UsageCalculation: (enums.UsageCalculationEnum) "",
  ArchivedAt: (uint64) 0,
  Channel: (enums.ChannelEnum) (len=3) "web",
  Metadata: (map[string]interface {}) <nil>,
  ApplicableItems: ([]models.ApplicableItem) <nil>,
  BundleItems: ([]models.BundleItem) {
  }
 },
 (chargebee.Item) {
  Id: (string) (len=19) "cbdemo_setup_charge",
  Name: (string) (len=12) "Setup Charge",
  ExternalName: (string) (len=12) "Setup Charge",
  Description: (string) (len=50) "Additional one-time charge for setting up support.",
  Status: (enums.StatusEnum) (len=6) "active",
  ResourceVersion: (int64) 1726438539430,
  UpdatedAt: (uint64) 1726438539,
  ItemFamilyId: (string) (len=19) "cbdemo_pf_analytics",
  Type: (enums.TypeEnum) (len=6) "charge",
  IsShippable: (bool) false,
  IsGiftable: (bool) false,
  RedirectUrl: (string) "",
  EnabledForCheckout: (bool) true,
  EnabledInPortal: (bool) true,
  IncludedInMrr: (bool) false,
  ItemApplicability: (enums.ItemApplicabilityEnum) "",
  GiftClaimRedirectUrl: (string) "",
  Unit: (string) "",
  Metered: (bool) false,
  UsageCalculation: (enums.UsageCalculationEnum) "",
  ArchivedAt: (uint64) 0,
  Channel: (enums.ChannelEnum) (len=3) "web",
  Metadata: (map[string]interface {}) <nil>,
  ApplicableItems: ([]models.ApplicableItem) <nil>,
  BundleItems: ([]models.BundleItem) {
  }
 },
 (chargebee.Item) {
  Id: (string) (len=32) "cbdemo_analytics_additionalusers",
  Name: (string) (len=16) "Additional Users",
  ExternalName: (string) (len=16) "Additional Users",
  Description: (string) (len=34) "Avail access for additional users.",
  Status: (enums.StatusEnum) (len=6) "active",
  ResourceVersion: (int64) 1726438539369,
  UpdatedAt: (uint64) 1726438539,
  ItemFamilyId: (string) (len=19) "cbdemo_pf_analytics",
  Type: (enums.TypeEnum) (len=5) "addon",
  IsShippable: (bool) false,
  IsGiftable: (bool) false,
  RedirectUrl: (string) "",
  EnabledForCheckout: (bool) true,
  EnabledInPortal: (bool) true,
  IncludedInMrr: (bool) false,
  ItemApplicability: (enums.ItemApplicabilityEnum) "",
  GiftClaimRedirectUrl: (string) "",
  Unit: (string) "",
  Metered: (bool) false,
  UsageCalculation: (enums.UsageCalculationEnum) "",
  ArchivedAt: (uint64) 0,
  Channel: (enums.ChannelEnum) (len=3) "web",
  Metadata: (map[string]interface {}) <nil>,
  ApplicableItems: ([]models.ApplicableItem) <nil>,
  BundleItems: ([]models.BundleItem) {
  }
 },
 (chargebee.Item) {
  Id: (string) (len=27) "cbdemo_additional_analytics",
  Name: (string) (len=20) "Additional Analytics",
  ExternalName: (string) (len=20) "Additional Analytics",
  Description: (string) (len=58) "Avail access to more advanced analytics for your business.",
  Status: (enums.StatusEnum) (len=6) "active",
  ResourceVersion: (int64) 1726438539300,
  UpdatedAt: (uint64) 1726438539,
  ItemFamilyId: (string) (len=19) "cbdemo_pf_analytics",
  Type: (enums.TypeEnum) (len=5) "addon",
  IsShippable: (bool) false,
  IsGiftable: (bool) false,
  RedirectUrl: (string) "",
  EnabledForCheckout: (bool) true,
  EnabledInPortal: (bool) true,
  IncludedInMrr: (bool) false,
  ItemApplicability: (enums.ItemApplicabilityEnum) "",
  GiftClaimRedirectUrl: (string) "",
  Unit: (string) "",
  Metered: (bool) false,
  UsageCalculation: (enums.UsageCalculationEnum) "",
  ArchivedAt: (uint64) 0,
  Channel: (enums.ChannelEnum) (len=3) "web",
  Metadata: (map[string]interface {}) <nil>,
  ApplicableItems: ([]models.ApplicableItem) <nil>,
  BundleItems: ([]models.BundleItem) {
  }
 },
 (chargebee.Item) {
  Id: (string) (len=15) "cbdemo_advanced",
  Name: (string) (len=8) "Advanced",
  ExternalName: (string) (len=8) "Advanced",
  Description: (string) (len=99) "Uncover hidden insights and carry out deeper analytics for your enterprise with this advanced plan.",
  Status: (enums.StatusEnum) (len=6) "active",
  ResourceVersion: (int64) 1726438539229,
  UpdatedAt: (uint64) 1726438539,
  ItemFamilyId: (string) (len=19) "cbdemo_pf_analytics",
  Type: (enums.TypeEnum) (len=4) "plan",
  IsShippable: (bool) false,
  IsGiftable: (bool) false,
  RedirectUrl: (string) "",
  EnabledForCheckout: (bool) true,
  EnabledInPortal: (bool) true,
  IncludedInMrr: (bool) false,
  ItemApplicability: (enums.ItemApplicabilityEnum) (len=3) "all",
  GiftClaimRedirectUrl: (string) "",
  Unit: (string) "",
  Metered: (bool) false,
  UsageCalculation: (enums.UsageCalculationEnum) "",
  ArchivedAt: (uint64) 0,
  Channel: (enums.ChannelEnum) (len=3) "web",
  Metadata: (map[string]interface {}) <nil>,
  ApplicableItems: ([]models.ApplicableItem) <nil>,
  BundleItems: ([]models.BundleItem) {
  }
 },
 (chargebee.Item) {
  Id: (string) (len=19) "cbdemo_intermediary",
  Name: (string) (len=12) "Intermediary",
  ExternalName: (string) (len=12) "Intermediary",
  Description: (string) (len=77) "Smart plan with the right mix of basic and slightly advanced reporting tools.",
  Status: (enums.StatusEnum) (len=6) "active",
  ResourceVersion: (int64) 1726438539137,
  UpdatedAt: (uint64) 1726438539,
  ItemFamilyId: (string) (len=19) "cbdemo_pf_analytics",
  Type: (enums.TypeEnum) (len=4) "plan",
  IsShippable: (bool) false,
  IsGiftable: (bool) false,
  RedirectUrl: (string) "",
  EnabledForCheckout: (bool) true,
  EnabledInPortal: (bool) true,
  IncludedInMrr: (bool) false,
  ItemApplicability: (enums.ItemApplicabilityEnum) (len=3) "all",
  GiftClaimRedirectUrl: (string) "",
  Unit: (string) "",
  Metered: (bool) false,
  UsageCalculation: (enums.UsageCalculationEnum) "",
  ArchivedAt: (uint64) 0,
  Channel: (enums.ChannelEnum) (len=3) "web",
  Metadata: (map[string]interface {}) <nil>,
  ApplicableItems: ([]models.ApplicableItem) <nil>,
  BundleItems: ([]models.BundleItem) {
  }
 },
 (chargebee.Item) {
  Id: (string) (len=12) "cbdemo_basic",
  Name: (string) (len=5) "Basic",
  ExternalName: (string) (len=5) "Basic",
  Description: (string) (len=55) "Starter plan for all your basic reporting requirements.",
  Status: (enums.StatusEnum) (len=6) "active",
  ResourceVersion: (int64) 1726438539073,
  UpdatedAt: (uint64) 1726438539,
  ItemFamilyId: (string) (len=19) "cbdemo_pf_analytics",
  Type: (enums.TypeEnum) (len=4) "plan",
  IsShippable: (bool) false,
  IsGiftable: (bool) false,
  RedirectUrl: (string) "",
  EnabledForCheckout: (bool) true,
  EnabledInPortal: (bool) true,
  IncludedInMrr: (bool) false,
  ItemApplicability: (enums.ItemApplicabilityEnum) (len=3) "all",
  GiftClaimRedirectUrl: (string) "",
  Unit: (string) "",
  Metered: (bool) false,
  UsageCalculation: (enums.UsageCalculationEnum) "",
  ArchivedAt: (uint64) 0,
  Channel: (enums.ChannelEnum) (len=3) "web",
  Metadata: (map[string]interface {}) <nil>,
  ApplicableItems: ([]models.ApplicableItem) <nil>,
  BundleItems: ([]models.BundleItem) {
  }
 },
 (chargebee.Item) {
  Id: (string) (len=28) "cbdemo_implementation_charge",
  Name: (string) (len=21) "Implementation Charge",
  ExternalName: (string) (len=21) "Implementation Charge",
  Description: (string) (len=54) "Additional one-time charge for implementation support.",
  Status: (enums.StatusEnum) (len=6) "active",
  ResourceVersion: (int64) 1726438539012,
  UpdatedAt: (uint64) 1726438539,
  ItemFamilyId: (string) (len=13) "cbdemo_pf_crm",
  Type: (enums.TypeEnum) (len=6) "charge",
  IsShippable: (bool) false,
  IsGiftable: (bool) false,
  RedirectUrl: (string) "",
  EnabledForCheckout: (bool) true,
  EnabledInPortal: (bool) true,
  IncludedInMrr: (bool) false,
  ItemApplicability: (enums.ItemApplicabilityEnum) "",
  GiftClaimRedirectUrl: (string) "",
  Unit: (string) "",
  Metered: (bool) false,
  UsageCalculation: (enums.UsageCalculationEnum) "",
  ArchivedAt: (uint64) 0,
  Channel: (enums.ChannelEnum) (len=3) "web",
  Metadata: (map[string]interface {}) <nil>,
  ApplicableItems: ([]models.ApplicableItem) <nil>,
  BundleItems: ([]models.BundleItem) {
  }
 },
 (chargebee.Item) {
  Id: (string) (len=27) "cbdemo_crm_conciergesupport",
  Name: (string) (len=17) "Concierge Support",
  ExternalName: (string) (len=17) "Concierge Support",
  Description: (string) (len=39) "Avail exclusive concierge support 24/7.",
  Status: (enums.StatusEnum) (len=6) "active",
  ResourceVersion: (int64) 1726438538945,
  UpdatedAt: (uint64) 1726438538,
  ItemFamilyId: (string) (len=13) "cbdemo_pf_crm",
  Type: (enums.TypeEnum) (len=5) "addon",
  IsShippable: (bool) false,
  IsGiftable: (bool) false,
  RedirectUrl: (string) "",
  EnabledForCheckout: (bool) true,
  EnabledInPortal: (bool) true,
  IncludedInMrr: (bool) false,
  ItemApplicability: (enums.ItemApplicabilityEnum) "",
  GiftClaimRedirectUrl: (string) "",
  Unit: (string) "",
  Metered: (bool) false,
  UsageCalculation: (enums.UsageCalculationEnum) "",
  ArchivedAt: (uint64) 0,
  Channel: (enums.ChannelEnum) (len=3) "web",
  Metadata: (map[string]interface {}) <nil>,
  ApplicableItems: ([]models.ApplicableItem) <nil>,
  BundleItems: ([]models.BundleItem) {
  }
 },
 (chargebee.Item) {
  Id: (string) (len=27) "cbdemo_post_payment_actions",
  Name: (string) (len=20) "Post Payment Actions",
  ExternalName: (string) (len=20) "Post Payment Actions",
  Description: (string) (len=64) "Automate all your post payment actions with this powerful addon.",
  Status: (enums.StatusEnum) (len=6) "active",
  ResourceVersion: (int64) 1726438538876,
  UpdatedAt: (uint64) 1726438538,
  ItemFamilyId: (string) (len=13) "cbdemo_pf_crm",
  Type: (enums.TypeEnum) (len=5) "addon",
  IsShippable: (bool) false,
  IsGiftable: (bool) false,
  RedirectUrl: (string) "",
  EnabledForCheckout: (bool) true,
  EnabledInPortal: (bool) true,
  IncludedInMrr: (bool) false,
  ItemApplicability: (enums.ItemApplicabilityEnum) "",
  GiftClaimRedirectUrl: (string) "",
  Unit: (string) "",
  Metered: (bool) false,
  UsageCalculation: (enums.UsageCalculationEnum) "",
  ArchivedAt: (uint64) 0,
  Channel: (enums.ChannelEnum) (len=3) "web",
  Metadata: (map[string]interface {}) <nil>,
  ApplicableItems: ([]models.ApplicableItem) <nil>,
  BundleItems: ([]models.BundleItem) {
  }
 },
 (chargebee.Item) {
  Id: (string) (len=14) "cbdemo_premium",
  Name: (string) (len=7) "Premium",
  ExternalName: (string) (len=7) "Premium",
  Description: (string) (len=44) "Advanced plan for all your enterprise needs.",
  Status: (enums.StatusEnum) (len=6) "active",
  ResourceVersion: (int64) 1726438538806,
  UpdatedAt: (uint64) 1726438538,
  ItemFamilyId: (string) (len=13) "cbdemo_pf_crm",
  Type: (enums.TypeEnum) (len=4) "plan",
  IsShippable: (bool) false,
  IsGiftable: (bool) false,
  RedirectUrl: (string) "",
  EnabledForCheckout: (bool) true,
  EnabledInPortal: (bool) true,
  IncludedInMrr: (bool) false,
  ItemApplicability: (enums.ItemApplicabilityEnum) (len=3) "all",
  GiftClaimRedirectUrl: (string) "",
  Unit: (string) "",
  Metered: (bool) false,
  UsageCalculation: (enums.UsageCalculationEnum) "",
  ArchivedAt: (uint64) 0,
  Channel: (enums.ChannelEnum) (len=3) "web",
  Metadata: (map[string]interface {}) <nil>,
  ApplicableItems: ([]models.ApplicableItem) <nil>,
  BundleItems: ([]models.BundleItem) {
  }
 }
}
'''
