# Generated by goldga. DO NOT EDIT.
[snapshots]
"Chargebee item differential prices test when accessing item differential prices API should be able list item differential prices" = '''
([]chargebee.DifferentialPrice) (len=20) {
 (chargebee.DifferentialPrice) {
  Id: (string) "",
  ItemPriceId: (string) "",
  ParentItemId: (string) "",
  Price: (uint64) 0,
  PriceInDecimal: (string) "",
  Status: (enums.StatusEnum) "",
  ResourceVersion: (int64) 0,
  UpdatedAt: (uint64) 0,
  CreatedAt: (uint64) 0,
  ModifiedAt: (uint64) 0,
  CurrencyCode: (string) "",
  Tiers: ([]models.Tier) <nil>,
  ParentPeriods: ([]models.ParentPeriod) <nil>
 },
 (chargebee.DifferentialPrice) {
  Id: (string) "",
  ItemPriceId: (string) "",
  ParentItemId: (string) "",
  Price: (uint64) 0,
  PriceInDecimal: (string) "",
  Status: (enums.StatusEnum) "",
  ResourceVersion: (int64) 0,
  UpdatedAt: (uint64) 0,
  CreatedAt: (uint64) 0,
  ModifiedAt: (uint64) 0,
  CurrencyCode: (string) "",
  Tiers: ([]models.Tier) <nil>,
  ParentPeriods: ([]models.ParentPeriod) <nil>
 },
 (chargebee.DifferentialPrice) {
  Id: (string) "",
  ItemPriceId: (string) "",
  ParentItemId: (string) "",
  Price: (uint64) 0,
  PriceInDecimal: (string) "",
  Status: (enums.StatusEnum) "",
  ResourceVersion: (int64) 0,
  UpdatedAt: (uint64) 0,
  CreatedAt: (uint64) 0,
  ModifiedAt: (uint64) 0,
  CurrencyCode: (string) "",
  Tiers: ([]models.Tier) <nil>,
  ParentPeriods: ([]models.ParentPeriod) <nil>
 },
 (chargebee.DifferentialPrice) {
  Id: (string) "",
  ItemPriceId: (string) "",
  ParentItemId: (string) "",
  Price: (uint64) 0,
  PriceInDecimal: (string) "",
  Status: (enums.StatusEnum) "",
  ResourceVersion: (int64) 0,
  UpdatedAt: (uint64) 0,
  CreatedAt: (uint64) 0,
  ModifiedAt: (uint64) 0,
  CurrencyCode: (string) "",
  Tiers: ([]models.Tier) <nil>,
  ParentPeriods: ([]models.ParentPeriod) <nil>
 },
 (chargebee.DifferentialPrice) {
  Id: (string) "",
  ItemPriceId: (string) "",
  ParentItemId: (string) "",
  Price: (uint64) 0,
  PriceInDecimal: (string) "",
  Status: (enums.StatusEnum) "",
  ResourceVersion: (int64) 0,
  UpdatedAt: (uint64) 0,
  CreatedAt: (uint64) 0,
  ModifiedAt: (uint64) 0,
  CurrencyCode: (string) "",
  Tiers: ([]models.Tier) <nil>,
  ParentPeriods: ([]models.ParentPeriod) <nil>
 },
 (chargebee.DifferentialPrice) {
  Id: (string) "",
  ItemPriceId: (string) "",
  ParentItemId: (string) "",
  Price: (uint64) 0,
  PriceInDecimal: (string) "",
  Status: (enums.StatusEnum) "",
  ResourceVersion: (int64) 0,
  UpdatedAt: (uint64) 0,
  CreatedAt: (uint64) 0,
  ModifiedAt: (uint64) 0,
  CurrencyCode: (string) "",
  Tiers: ([]models.Tier) <nil>,
  ParentPeriods: ([]models.ParentPeriod) <nil>
 },
 (chargebee.DifferentialPrice) {
  Id: (string) "",
  ItemPriceId: (string) "",
  ParentItemId: (string) "",
  Price: (uint64) 0,
  PriceInDecimal: (string) "",
  Status: (enums.StatusEnum) "",
  ResourceVersion: (int64) 0,
  UpdatedAt: (uint64) 0,
  CreatedAt: (uint64) 0,
  ModifiedAt: (uint64) 0,
  CurrencyCode: (string) "",
  Tiers: ([]models.Tier) <nil>,
  ParentPeriods: ([]models.ParentPeriod) <nil>
 },
 (chargebee.DifferentialPrice) {
  Id: (string) "",
  ItemPriceId: (string) "",
  ParentItemId: (string) "",
  Price: (uint64) 0,
  PriceInDecimal: (string) "",
  Status: (enums.StatusEnum) "",
  ResourceVersion: (int64) 0,
  UpdatedAt: (uint64) 0,
  CreatedAt: (uint64) 0,
  ModifiedAt: (uint64) 0,
  CurrencyCode: (string) "",
  Tiers: ([]models.Tier) <nil>,
  ParentPeriods: ([]models.ParentPeriod) <nil>
 },
 (chargebee.DifferentialPrice) {
  Id: (string) "",
  ItemPriceId: (string) "",
  ParentItemId: (string) "",
  Price: (uint64) 0,
  PriceInDecimal: (string) "",
  Status: (enums.StatusEnum) "",
  ResourceVersion: (int64) 0,
  UpdatedAt: (uint64) 0,
  CreatedAt: (uint64) 0,
  ModifiedAt: (uint64) 0,
  CurrencyCode: (string) "",
  Tiers: ([]models.Tier) <nil>,
  ParentPeriods: ([]models.ParentPeriod) <nil>
 },
 (chargebee.DifferentialPrice) {
  Id: (string) "",
  ItemPriceId: (string) "",
  ParentItemId: (string) "",
  Price: (uint64) 0,
  PriceInDecimal: (string) "",
  Status: (enums.StatusEnum) "",
  ResourceVersion: (int64) 0,
  UpdatedAt: (uint64) 0,
  CreatedAt: (uint64) 0,
  ModifiedAt: (uint64) 0,
  CurrencyCode: (string) "",
  Tiers: ([]models.Tier) <nil>,
  ParentPeriods: ([]models.ParentPeriod) <nil>
 },
 (chargebee.DifferentialPrice) {
  Id: (string) "",
  ItemPriceId: (string) "",
  ParentItemId: (string) "",
  Price: (uint64) 0,
  PriceInDecimal: (string) "",
  Status: (enums.StatusEnum) "",
  ResourceVersion: (int64) 0,
  UpdatedAt: (uint64) 0,
  CreatedAt: (uint64) 0,
  ModifiedAt: (uint64) 0,
  CurrencyCode: (string) "",
  Tiers: ([]models.Tier) <nil>,
  ParentPeriods: ([]models.ParentPeriod) <nil>
 },
 (chargebee.DifferentialPrice) {
  Id: (string) "",
  ItemPriceId: (string) "",
  ParentItemId: (string) "",
  Price: (uint64) 0,
  PriceInDecimal: (string) "",
  Status: (enums.StatusEnum) "",
  ResourceVersion: (int64) 0,
  UpdatedAt: (uint64) 0,
  CreatedAt: (uint64) 0,
  ModifiedAt: (uint64) 0,
  CurrencyCode: (string) "",
  Tiers: ([]models.Tier) <nil>,
  ParentPeriods: ([]models.ParentPeriod) <nil>
 },
 (chargebee.DifferentialPrice) {
  Id: (string) "",
  ItemPriceId: (string) "",
  ParentItemId: (string) "",
  Price: (uint64) 0,
  PriceInDecimal: (string) "",
  Status: (enums.StatusEnum) "",
  ResourceVersion: (int64) 0,
  UpdatedAt: (uint64) 0,
  CreatedAt: (uint64) 0,
  ModifiedAt: (uint64) 0,
  CurrencyCode: (string) "",
  Tiers: ([]models.Tier) <nil>,
  ParentPeriods: ([]models.ParentPeriod) <nil>
 },
 (chargebee.DifferentialPrice) {
  Id: (string) "",
  ItemPriceId: (string) "",
  ParentItemId: (string) "",
  Price: (uint64) 0,
  PriceInDecimal: (string) "",
  Status: (enums.StatusEnum) "",
  ResourceVersion: (int64) 0,
  UpdatedAt: (uint64) 0,
  CreatedAt: (uint64) 0,
  ModifiedAt: (uint64) 0,
  CurrencyCode: (string) "",
  Tiers: ([]models.Tier) <nil>,
  ParentPeriods: ([]models.ParentPeriod) <nil>
 },
 (chargebee.DifferentialPrice) {
  Id: (string) "",
  ItemPriceId: (string) "",
  ParentItemId: (string) "",
  Price: (uint64) 0,
  PriceInDecimal: (string) "",
  Status: (enums.StatusEnum) "",
  ResourceVersion: (int64) 0,
  UpdatedAt: (uint64) 0,
  CreatedAt: (uint64) 0,
  ModifiedAt: (uint64) 0,
  CurrencyCode: (string) "",
  Tiers: ([]models.Tier) <nil>,
  ParentPeriods: ([]models.ParentPeriod) <nil>
 },
 (chargebee.DifferentialPrice) {
  Id: (string) "",
  ItemPriceId: (string) "",
  ParentItemId: (string) "",
  Price: (uint64) 0,
  PriceInDecimal: (string) "",
  Status: (enums.StatusEnum) "",
  ResourceVersion: (int64) 0,
  UpdatedAt: (uint64) 0,
  CreatedAt: (uint64) 0,
  ModifiedAt: (uint64) 0,
  CurrencyCode: (string) "",
  Tiers: ([]models.Tier) <nil>,
  ParentPeriods: ([]models.ParentPeriod) <nil>
 },
 (chargebee.DifferentialPrice) {
  Id: (string) "",
  ItemPriceId: (string) "",
  ParentItemId: (string) "",
  Price: (uint64) 0,
  PriceInDecimal: (string) "",
  Status: (enums.StatusEnum) "",
  ResourceVersion: (int64) 0,
  UpdatedAt: (uint64) 0,
  CreatedAt: (uint64) 0,
  ModifiedAt: (uint64) 0,
  CurrencyCode: (string) "",
  Tiers: ([]models.Tier) <nil>,
  ParentPeriods: ([]models.ParentPeriod) <nil>
 },
 (chargebee.DifferentialPrice) {
  Id: (string) "",
  ItemPriceId: (string) "",
  ParentItemId: (string) "",
  Price: (uint64) 0,
  PriceInDecimal: (string) "",
  Status: (enums.StatusEnum) "",
  ResourceVersion: (int64) 0,
  UpdatedAt: (uint64) 0,
  CreatedAt: (uint64) 0,
  ModifiedAt: (uint64) 0,
  CurrencyCode: (string) "",
  Tiers: ([]models.Tier) <nil>,
  ParentPeriods: ([]models.ParentPeriod) <nil>
 },
 (chargebee.DifferentialPrice) {
  Id: (string) "",
  ItemPriceId: (string) "",
  ParentItemId: (string) "",
  Price: (uint64) 0,
  PriceInDecimal: (string) "",
  Status: (enums.StatusEnum) "",
  ResourceVersion: (int64) 0,
  UpdatedAt: (uint64) 0,
  CreatedAt: (uint64) 0,
  ModifiedAt: (uint64) 0,
  CurrencyCode: (string) "",
  Tiers: ([]models.Tier) <nil>,
  ParentPeriods: ([]models.ParentPeriod) <nil>
 },
 (chargebee.DifferentialPrice) {
  Id: (string) "",
  ItemPriceId: (string) "",
  ParentItemId: (string) "",
  Price: (uint64) 0,
  PriceInDecimal: (string) "",
  Status: (enums.StatusEnum) "",
  ResourceVersion: (int64) 0,
  UpdatedAt: (uint64) 0,
  CreatedAt: (uint64) 0,
  ModifiedAt: (uint64) 0,
  CurrencyCode: (string) "",
  Tiers: ([]models.Tier) <nil>,
  ParentPeriods: ([]models.ParentPeriod) <nil>
 }
}
'''
