# Generated by goldga. DO NOT EDIT.
[snapshots]
"Chargebee items attached test when accessing items attached API should be able list items attached" = '''
([]chargebee.ItemAttached) {
}
'''
