# Generated by goldga. DO NOT EDIT.
[snapshots]
"Chargebee coupon codes test when accessing coupon codes API should be able list coupon codes" = '''
([]chargebee.CouponCode) {
}
'''
