# Generated by goldga. DO NOT EDIT.
[snapshots]
"Chargebee item families test when accessing item families API should be able list item families" = '''
([]chargebee.ItemFamily) (len=3) {
 (chargebee.ItemFamily) {
  Id: (string) "",
  Name: (string) "",
  Description: (string) "",
  Status: (enums.StatusEnum) "",
  ResourceVersion: (int64) 0,
  UpdatedAt: (uint64) 0,
  Channel: (enums.ChannelEnum) ""
 },
 (chargebee.ItemFamily) {
  Id: (string) "",
  Name: (string) "",
  Description: (string) "",
  Status: (enums.StatusEnum) "",
  ResourceVersion: (int64) 0,
  UpdatedAt: (uint64) 0,
  Channel: (enums.ChannelEnum) ""
 },
 (chargebee.ItemFamily) {
  Id: (string) "",
  Name: (string) "",
  Description: (string) "",
  Status: (enums.StatusEnum) "",
  ResourceVersion: (int64) 0,
  UpdatedAt: (uint64) 0,
  Channel: (enums.ChannelEnum) ""
 }
}
'''
