# Generated by goldga. DO NOT EDIT.
[snapshots]
"Chargebee coupons test when accessing coupons API should be able list coupons" = '''
([]chargebee.Coupon) (len=5) {
 (chargebee.Coupon) {
  Id: (string) (len=13) "cbdemo_usd100",
  Name: (string) (len=13) "EUR 100 Offer",
  InvoiceName: (string) (len=8) "Discount",
  DiscountType: (enums.DiscountTypeEnum) (len=12) "fixed_amount",
  DiscountPercentage: (float64) 0,
  DiscountAmount: (uint64) 10000,
  CurrencyCode: (string) (len=3) "EUR",
  DurationType: (enums.DurationTypeEnum) (len=7) "forever",
  ValidTill: (uint64) 0,
  MaxRedemptions: (int) 0,
  Status: (enums.StatusEnum) (len=6) "active",
  ApplyOn: (enums.ApplyOnEnum) (len=19) "each_specified_item",
  CreatedAt: (uint64) 1726438542,
  ArchivedAt: (uint64) 0,
  ResourceVersion: (int64) 1726438542061,
  UpdatedAt: (uint64) 1726438542,
  Period: (int) 0,
  PeriodUnit: (enums.PeriodUnitEnum) "",
  Redemptions: (int) 0,
  InvoiceNotes: (string) "",
  ItemConstraints: ([]models.ItemConstraint) (len=3) {
   (models.ItemConstraint) {
   },
   (models.ItemConstraint) {
   },
   (models.ItemConstraint) {
   }
  },
  ItemConstraintCriteria: ([]models.ItemConstraintCriteria) (len=1) {
   (models.ItemConstraintCriteria) {
   }
  },
  CouponConstraints: ([]models.CouponConstraint) <nil>
 },
 (chargebee.Coupon) {
  Id: (string) (len=18) "cbdemo_launchoffer",
  Name: (string) (len=12) "Launch Offer",
  InvoiceName: (string) (len=20) "Special Launch Offer",
  DiscountType: (enums.DiscountTypeEnum) (len=10) "percentage",
  DiscountPercentage: (float64) 30,
  DiscountAmount: (uint64) 0,
  CurrencyCode: (string) "",
  DurationType: (enums.DurationTypeEnum) (len=8) "one_time",
  ValidTill: (uint64) 0,
  MaxRedemptions: (int) 1000,
  Status: (enums.StatusEnum) (len=6) "active",
  ApplyOn: (enums.ApplyOnEnum) (len=19) "each_specified_item",
  CreatedAt: (uint64) 1726438541,
  ArchivedAt: (uint64) 0,
  ResourceVersion: (int64) 1726438541963,
  UpdatedAt: (uint64) 1726438541,
  Period: (int) 0,
  PeriodUnit: (enums.PeriodUnitEnum) "",
  Redemptions: (int) 0,
  InvoiceNotes: (string) "",
  ItemConstraints: ([]models.ItemConstraint) (len=3) {
   (models.ItemConstraint) {
   },
   (models.ItemConstraint) {
   },
   (models.ItemConstraint) {
   }
  },
  ItemConstraintCriteria: ([]models.ItemConstraintCriteria) (len=1) {
   (models.ItemConstraintCriteria) {
   }
  },
  CouponConstraints: ([]models.CouponConstraint) <nil>
 },
 (chargebee.Coupon) {
  Id: (string) (len=19) "cbdemo_specialoffer",
  Name: (string) (len=13) "Special Offer",
  InvoiceName: (string) (len=16) "Special Discount",
  DiscountType: (enums.DiscountTypeEnum) (len=10) "percentage",
  DiscountPercentage: (float64) 10,
  DiscountAmount: (uint64) 0,
  CurrencyCode: (string) "",
  DurationType: (enums.DurationTypeEnum) (len=7) "forever",
  ValidTill: (uint64) 0,
  MaxRedemptions: (int) 0,
  Status: (enums.StatusEnum) (len=6) "active",
  ApplyOn: (enums.ApplyOnEnum) (len=14) "invoice_amount",
  CreatedAt: (uint64) 1726438541,
  ArchivedAt: (uint64) 0,
  ResourceVersion: (int64) 1726438541891,
  UpdatedAt: (uint64) 1726438541,
  Period: (int) 0,
  PeriodUnit: (enums.PeriodUnitEnum) "",
  Redemptions: (int) 0,
  InvoiceNotes: (string) "",
  ItemConstraints: ([]models.ItemConstraint) <nil>,
  ItemConstraintCriteria: ([]models.ItemConstraintCriteria) <nil>,
  CouponConstraints: ([]models.CouponConstraint) <nil>
 },
 (chargebee.Coupon) {
  Id: (string) (len=15) "cbdemo_holidays",
  Name: (string) (len=8) "Holidays",
  InvoiceName: (string) (len=15) "Happy Holidays!",
  DiscountType: (enums.DiscountTypeEnum) (len=10) "percentage",
  DiscountPercentage: (float64) 15,
  DiscountAmount: (uint64) 0,
  CurrencyCode: (string) "",
  DurationType: (enums.DurationTypeEnum) (len=14) "limited_period",
  ValidTill: (uint64) 0,
  MaxRedemptions: (int) 0,
  Status: (enums.StatusEnum) (len=6) "active",
  ApplyOn: (enums.ApplyOnEnum) (len=19) "each_specified_item",
  CreatedAt: (uint64) 1726438541,
  ArchivedAt: (uint64) 0,
  ResourceVersion: (int64) 1726438541812,
  UpdatedAt: (uint64) 1726438541,
  Period: (int) 12,
  PeriodUnit: (enums.PeriodUnitEnum) (len=5) "month",
  Redemptions: (int) 0,
  InvoiceNotes: (string) "",
  ItemConstraints: ([]models.ItemConstraint) (len=3) {
   (models.ItemConstraint) {
   },
   (models.ItemConstraint) {
   },
   (models.ItemConstraint) {
   }
  },
  ItemConstraintCriteria: ([]models.ItemConstraintCriteria) <nil>,
  CouponConstraints: ([]models.CouponConstraint) <nil>
 },
 (chargebee.Coupon) {
  Id: (string) (len=16) "cbdemo_earlybird",
  Name: (string) (len=10) "Early Bird",
  InvoiceName: (string) (len=19) "Early Bird Discount",
  DiscountType: (enums.DiscountTypeEnum) (len=12) "fixed_amount",
  DiscountPercentage: (float64) 0,
  DiscountAmount: (uint64) 1000,
  CurrencyCode: (string) (len=3) "EUR",
  DurationType: (enums.DurationTypeEnum) (len=7) "forever",
  ValidTill: (uint64) 0,
  MaxRedemptions: (int) 5000,
  Status: (enums.StatusEnum) (len=6) "active",
  ApplyOn: (enums.ApplyOnEnum) (len=14) "invoice_amount",
  CreatedAt: (uint64) 1726438541,
  ArchivedAt: (uint64) 0,
  ResourceVersion: (int64) 1726438541735,
  UpdatedAt: (uint64) 1726438541,
  Period: (int) 0,
  PeriodUnit: (enums.PeriodUnitEnum) "",
  Redemptions: (int) 0,
  InvoiceNotes: (string) "",
  ItemConstraints: ([]models.ItemConstraint) <nil>,
  ItemConstraintCriteria: ([]models.ItemConstraintCriteria) <nil>,
  CouponConstraints: ([]models.CouponConstraint) <nil>
 }
}
'''
