# Generated by goldga. DO NOT EDIT.
[snapshots]
"Chargebee orders when accessing orders API should be able list orders" = '''
([]chargebee.Order) {
}
'''
