# Generated by goldga. DO NOT EDIT.
[snapshots]
"Chargebee quotes when accessing quotes API should be able list quotes" = '''
([]chargebee.Quote) {
}
'''
