# Generated by goldga. DO NOT EDIT.
[snapshots]
"Chargebee discounts when accessing discounts API should be able list discounts" = '''
([]chargebee.Discount) {
}
'''
