# Generated by goldga. DO NOT EDIT.
[snapshots]
"Chargebee subscriptions when accessing subscriptions API should be able list subscriptions" = '''
([]chargebee.Subscription) (len=5) {
 (chargebee.Subscription) {
  Id: (string) (len=16) "cbdemo_trial_sub",
  CurrencyCode: (string) (len=3) "EUR",
  StartDate: (uint64) 0,
  TrialEnd: (uint64) 1727631943,
  RemainingBillingCycles: (int) 0,
  PoNumber: (string) "",
  PlanQuantityInDecimal: (string) "",
  PlanUnitPriceInDecimal: (string) "",
  CustomerId: (string) (len=12) "cbdemo_tyler",
  Status: (enums.StatusEnum) (len=8) "in_trial",
  TrialStart: (uint64) 1725817544,
  TrialEndAction: (enums.TrialEndActionEnum) "",
  CurrentTermStart: (uint64) 0,
  CurrentTermEnd: (uint64) 0,
  NextBillingAt: (uint64) 1727631943,
  CreatedAt: (uint64) 1726438544,
  StartedAt: (uint64) 1725817544,
  ActivatedAt: (uint64) 0,
  ContractTermBillingCycleOnRenewal: (int) 0,
  OverrideRelationship: (bool) false,
  PauseDate: (uint64) 0,
  ResumeDate: (uint64) 0,
  CancelledAt: (uint64) 0,
  CancelReason: (enums.CancelReasonEnum) "",
  CreatedFromIp: (string) "",
  ResourceVersion: (int64) 1726438550180,
  UpdatedAt: (uint64) 1726438550,
  HasScheduledAdvanceInvoices: (bool) false,
  HasScheduledChanges: (bool) false,
  PaymentSourceId: (string) "",
  PlanFreeQuantityInDecimal: (string) "",
  PlanAmountInDecimal: (string) "",
  CancelScheduleCreatedAt: (uint64) 0,
  Channel: (enums.ChannelEnum) (len=3) "web",
  NetTermDays: (int) 0,
  ActiveId: (string) "",
  DueInvoicesCount: (int) 0,
  DueSince: (uint64) 0,
  TotalDues: (uint64) 0,
  Mrr: (uint64) 0,
  ExchangeRate: (*decimal.Decimal)(<nil>),
  BaseCurrencyCode: (string) "",
  InvoiceNotes: (string) "",
  Metadata: (map[string]interface {}) <nil>,
  Deleted: (bool) false,
  ChangesScheduledAt: (uint64) 0,
  CancelReasonCode: (string) "",
  FreePeriod: (int) 0,
  FreePeriodUnit: (enums.FreePeriodUnitEnum) "",
  CreatePendingInvoices: (bool) false,
  AutoCloseInvoices: (bool) false,
  BusinessEntityId: (string) "",
  SubscriptionItems: ([]models.SubscriptionItem) (len=2) {
   (models.SubscriptionItem) {
   },
   (models.SubscriptionItem) {
   }
  },
  ItemTiers: ([]models.ItemTier) <nil>,
  ChargedItems: ([]models.ChargedItem) <nil>,
  Coupons: ([]models.Coupon) <nil>,
  ShippingAddress: (models.ShippingAddress) {
   Index: (int) 0,
   Address: (models.Address) {
    FirstName: (string) "",
    LastName: (string) "",
    Email: (string) "",
    Company: (string) "",
    Phone: (string) "",
    Line1: (string) "",
    Line2: (string) "",
    Line3: (string) "",
    City: (string) "",
    StateCode: (string) "",
    State: (string) "",
    Country: (string) "",
    Zip: (string) "",
    ValidationStatus: (enums.ValidationStatusEnum) ""
   }
  },
  ReferralInfo: (models.ReferralInfo) {
  },
  ContractTerm: (models.ContractTerm) {
  },
  Discounts: ([]models.Discount) <nil>
 },
 (chargebee.Subscription) {
  Id: (string) (len=23) "cbdemo_non_renewing_sub",
  CurrencyCode: (string) (len=3) "EUR",
  StartDate: (uint64) 0,
  TrialEnd: (uint64) 0,
  RemainingBillingCycles: (int) 0,
  PoNumber: (string) "",
  PlanQuantityInDecimal: (string) "",
  PlanUnitPriceInDecimal: (string) "",
  CustomerId: (string) (len=12) "cbdemo_tyler",
  Status: (enums.StatusEnum) (len=12) "non_renewing",
  TrialStart: (uint64) 0,
  TrialEndAction: (enums.TrialEndActionEnum) "",
  CurrentTermStart: (uint64) 1724953544,
  CurrentTermEnd: (uint64) 1727631943,
  NextBillingAt: (uint64) 0,
  CreatedAt: (uint64) 1726438544,
  StartedAt: (uint64) 1722361544,
  ActivatedAt: (uint64) 1722361544,
  ContractTermBillingCycleOnRenewal: (int) 0,
  OverrideRelationship: (bool) false,
  PauseDate: (uint64) 0,
  ResumeDate: (uint64) 0,
  CancelledAt: (uint64) 1727631943,
  CancelReason: (enums.CancelReasonEnum) "",
  CreatedFromIp: (string) "",
  ResourceVersion: (int64) 1726438550194,
  UpdatedAt: (uint64) 1726438550,
  HasScheduledAdvanceInvoices: (bool) false,
  HasScheduledChanges: (bool) false,
  PaymentSourceId: (string) "",
  PlanFreeQuantityInDecimal: (string) "",
  PlanAmountInDecimal: (string) "",
  CancelScheduleCreatedAt: (uint64) 1726438544,
  Channel: (enums.ChannelEnum) (len=3) "web",
  NetTermDays: (int) 0,
  ActiveId: (string) "",
  DueInvoicesCount: (int) 1,
  DueSince: (uint64) 1724953545,
  TotalDues: (uint64) 27000,
  Mrr: (uint64) 80000,
  ExchangeRate: (*decimal.Decimal)(1),
  BaseCurrencyCode: (string) (len=3) "EUR",
  InvoiceNotes: (string) "",
  Metadata: (map[string]interface {}) <nil>,
  Deleted: (bool) false,
  ChangesScheduledAt: (uint64) 0,
  CancelReasonCode: (string) "",
  FreePeriod: (int) 0,
  FreePeriodUnit: (enums.FreePeriodUnitEnum) "",
  CreatePendingInvoices: (bool) false,
  AutoCloseInvoices: (bool) false,
  BusinessEntityId: (string) "",
  SubscriptionItems: ([]models.SubscriptionItem) (len=2) {
   (models.SubscriptionItem) {
   },
   (models.SubscriptionItem) {
   }
  },
  ItemTiers: ([]models.ItemTier) <nil>,
  ChargedItems: ([]models.ChargedItem) (len=1) {
   (models.ChargedItem) {
   }
  },
  Coupons: ([]models.Coupon) <nil>,
  ShippingAddress: (models.ShippingAddress) {
   Index: (int) 0,
   Address: (models.Address) {
    FirstName: (string) "",
    LastName: (string) "",
    Email: (string) "",
    Company: (string) "",
    Phone: (string) "",
    Line1: (string) "",
    Line2: (string) "",
    Line3: (string) "",
    City: (string) "",
    StateCode: (string) "",
    State: (string) "",
    Country: (string) "",
    Zip: (string) "",
    ValidationStatus: (enums.ValidationStatusEnum) ""
   }
  },
  ReferralInfo: (models.ReferralInfo) {
  },
  ContractTerm: (models.ContractTerm) {
  },
  Discounts: ([]models.Discount) <nil>
 },
 (chargebee.Subscription) {
  Id: (string) (len=20) "cbdemo_cancelled_sub",
  CurrencyCode: (string) (len=3) "EUR",
  StartDate: (uint64) 0,
  TrialEnd: (uint64) 0,
  RemainingBillingCycles: (int) 0,
  PoNumber: (string) "",
  PlanQuantityInDecimal: (string) "",
  PlanUnitPriceInDecimal: (string) "",
  CustomerId: (string) (len=12) "cbdemo_carol",
  Status: (enums.StatusEnum) (len=9) "cancelled",
  TrialStart: (uint64) 0,
  TrialEndAction: (enums.TrialEndActionEnum) "",
  CurrentTermStart: (uint64) 0,
  CurrentTermEnd: (uint64) 0,
  NextBillingAt: (uint64) 0,
  CreatedAt: (uint64) 1726438544,
  StartedAt: (uint64) 1723225544,
  ActivatedAt: (uint64) 0,
  ContractTermBillingCycleOnRenewal: (int) 0,
  OverrideRelationship: (bool) false,
  PauseDate: (uint64) 0,
  ResumeDate: (uint64) 0,
  CancelledAt: (uint64) 1725817544,
  CancelReason: (enums.CancelReasonEnum) "",
  CreatedFromIp: (string) "",
  ResourceVersion: (int64) 1726438544375,
  UpdatedAt: (uint64) 1726438544,
  HasScheduledAdvanceInvoices: (bool) false,
  HasScheduledChanges: (bool) false,
  PaymentSourceId: (string) "",
  PlanFreeQuantityInDecimal: (string) "",
  PlanAmountInDecimal: (string) "",
  CancelScheduleCreatedAt: (uint64) 0,
  Channel: (enums.ChannelEnum) (len=3) "web",
  NetTermDays: (int) 0,
  ActiveId: (string) "",
  DueInvoicesCount: (int) 0,
  DueSince: (uint64) 0,
  TotalDues: (uint64) 0,
  Mrr: (uint64) 0,
  ExchangeRate: (*decimal.Decimal)(<nil>),
  BaseCurrencyCode: (string) "",
  InvoiceNotes: (string) "",
  Metadata: (map[string]interface {}) <nil>,
  Deleted: (bool) false,
  ChangesScheduledAt: (uint64) 0,
  CancelReasonCode: (string) "",
  FreePeriod: (int) 0,
  FreePeriodUnit: (enums.FreePeriodUnitEnum) "",
  CreatePendingInvoices: (bool) false,
  AutoCloseInvoices: (bool) false,
  BusinessEntityId: (string) "",
  SubscriptionItems: ([]models.SubscriptionItem) (len=1) {
   (models.SubscriptionItem) {
   }
  },
  ItemTiers: ([]models.ItemTier) <nil>,
  ChargedItems: ([]models.ChargedItem) <nil>,
  Coupons: ([]models.Coupon) <nil>,
  ShippingAddress: (models.ShippingAddress) {
   Index: (int) 0,
   Address: (models.Address) {
    FirstName: (string) "",
    LastName: (string) "",
    Email: (string) "",
    Company: (string) "",
    Phone: (string) "",
    Line1: (string) "",
    Line2: (string) "",
    Line3: (string) "",
    City: (string) "",
    StateCode: (string) "",
    State: (string) "",
    Country: (string) "",
    Zip: (string) "",
    ValidationStatus: (enums.ValidationStatusEnum) ""
   }
  },
  ReferralInfo: (models.ReferralInfo) {
  },
  ContractTerm: (models.ContractTerm) {
  },
  Discounts: ([]models.Discount) <nil>
 },
 (chargebee.Subscription) {
  Id: (string) (len=17) "cbdemo_active_sub",
  CurrencyCode: (string) (len=3) "EUR",
  StartDate: (uint64) 0,
  TrialEnd: (uint64) 0,
  RemainingBillingCycles: (int) 0,
  PoNumber: (string) "",
  PlanQuantityInDecimal: (string) "",
  PlanUnitPriceInDecimal: (string) "",
  CustomerId: (string) (len=14) "cbdemo_richard",
  Status: (enums.StatusEnum) (len=6) "active",
  TrialStart: (uint64) 0,
  TrialEndAction: (enums.TrialEndActionEnum) "",
  CurrentTermStart: (uint64) 1724953544,
  CurrentTermEnd: (uint64) 1756489543,
  NextBillingAt: (uint64) 1756489543,
  CreatedAt: (uint64) 1726438544,
  StartedAt: (uint64) 1693331144,
  ActivatedAt: (uint64) 1693331144,
  ContractTermBillingCycleOnRenewal: (int) 0,
  OverrideRelationship: (bool) false,
  PauseDate: (uint64) 0,
  ResumeDate: (uint64) 0,
  CancelledAt: (uint64) 0,
  CancelReason: (enums.CancelReasonEnum) "",
  CreatedFromIp: (string) "",
  ResourceVersion: (int64) 1726438550191,
  UpdatedAt: (uint64) 1726438550,
  HasScheduledAdvanceInvoices: (bool) false,
  HasScheduledChanges: (bool) false,
  PaymentSourceId: (string) "",
  PlanFreeQuantityInDecimal: (string) "",
  PlanAmountInDecimal: (string) "",
  CancelScheduleCreatedAt: (uint64) 0,
  Channel: (enums.ChannelEnum) (len=3) "web",
  NetTermDays: (int) 0,
  ActiveId: (string) "",
  DueInvoicesCount: (int) 0,
  DueSince: (uint64) 0,
  TotalDues: (uint64) 0,
  Mrr: (uint64) 79167,
  ExchangeRate: (*decimal.Decimal)(1),
  BaseCurrencyCode: (string) (len=3) "EUR",
  InvoiceNotes: (string) "",
  Metadata: (map[string]interface {}) <nil>,
  Deleted: (bool) false,
  ChangesScheduledAt: (uint64) 0,
  CancelReasonCode: (string) "",
  FreePeriod: (int) 0,
  FreePeriodUnit: (enums.FreePeriodUnitEnum) "",
  CreatePendingInvoices: (bool) false,
  AutoCloseInvoices: (bool) false,
  BusinessEntityId: (string) "",
  SubscriptionItems: ([]models.SubscriptionItem) (len=2) {
   (models.SubscriptionItem) {
   },
   (models.SubscriptionItem) {
   }
  },
  ItemTiers: ([]models.ItemTier) <nil>,
  ChargedItems: ([]models.ChargedItem) <nil>,
  Coupons: ([]models.Coupon) <nil>,
  ShippingAddress: (models.ShippingAddress) {
   Index: (int) 0,
   Address: (models.Address) {
    FirstName: (string) "",
    LastName: (string) "",
    Email: (string) "",
    Company: (string) "",
    Phone: (string) "",
    Line1: (string) "",
    Line2: (string) "",
    Line3: (string) "",
    City: (string) "",
    StateCode: (string) "",
    State: (string) "",
    Country: (string) "",
    Zip: (string) "",
    ValidationStatus: (enums.ValidationStatusEnum) ""
   }
  },
  ReferralInfo: (models.ReferralInfo) {
  },
  ContractTerm: (models.ContractTerm) {
  },
  Discounts: ([]models.Discount) <nil>
 },
 (chargebee.Subscription) {
  Id: (string) (len=17) "cbdemo_future_sub",
  CurrencyCode: (string) (len=3) "EUR",
  StartDate: (uint64) 1729014343,
  TrialEnd: (uint64) 0,
  RemainingBillingCycles: (int) 0,
  PoNumber: (string) "",
  PlanQuantityInDecimal: (string) "",
  PlanUnitPriceInDecimal: (string) "",
  CustomerId: (string) (len=12) "cbdemo_simon",
  Status: (enums.StatusEnum) (len=6) "future",
  TrialStart: (uint64) 0,
  TrialEndAction: (enums.TrialEndActionEnum) "",
  CurrentTermStart: (uint64) 0,
  CurrentTermEnd: (uint64) 0,
  NextBillingAt: (uint64) 1729014343,
  CreatedAt: (uint64) 1726438543,
  StartedAt: (uint64) 0,
  ActivatedAt: (uint64) 0,
  ContractTermBillingCycleOnRenewal: (int) 0,
  OverrideRelationship: (bool) false,
  PauseDate: (uint64) 0,
  ResumeDate: (uint64) 0,
  CancelledAt: (uint64) 0,
  CancelReason: (enums.CancelReasonEnum) "",
  CreatedFromIp: (string) "",
  ResourceVersion: (int64) 1726438549166,
  UpdatedAt: (uint64) 1726438549,
  HasScheduledAdvanceInvoices: (bool) false,
  HasScheduledChanges: (bool) false,
  PaymentSourceId: (string) "",
  PlanFreeQuantityInDecimal: (string) "",
  PlanAmountInDecimal: (string) "",
  CancelScheduleCreatedAt: (uint64) 0,
  Channel: (enums.ChannelEnum) (len=3) "web",
  NetTermDays: (int) 0,
  ActiveId: (string) "",
  DueInvoicesCount: (int) 0,
  DueSince: (uint64) 0,
  TotalDues: (uint64) 0,
  Mrr: (uint64) 0,
  ExchangeRate: (*decimal.Decimal)(<nil>),
  BaseCurrencyCode: (string) "",
  InvoiceNotes: (string) "",
  Metadata: (map[string]interface {}) <nil>,
  Deleted: (bool) false,
  ChangesScheduledAt: (uint64) 0,
  CancelReasonCode: (string) "",
  FreePeriod: (int) 0,
  FreePeriodUnit: (enums.FreePeriodUnitEnum) "",
  CreatePendingInvoices: (bool) false,
  AutoCloseInvoices: (bool) false,
  BusinessEntityId: (string) "",
  SubscriptionItems: ([]models.SubscriptionItem) (len=2) {
   (models.SubscriptionItem) {
   },
   (models.SubscriptionItem) {
   }
  },
  ItemTiers: ([]models.ItemTier) <nil>,
  ChargedItems: ([]models.ChargedItem) <nil>,
  Coupons: ([]models.Coupon) <nil>,
  ShippingAddress: (models.ShippingAddress) {
   Index: (int) 0,
   Address: (models.Address) {
    FirstName: (string) "",
    LastName: (string) "",
    Email: (string) "",
    Company: (string) "",
    Phone: (string) "",
    Line1: (string) "",
    Line2: (string) "",
    Line3: (string) "",
    City: (string) "",
    StateCode: (string) "",
    State: (string) "",
    Country: (string) "",
    Zip: (string) "",
    ValidationStatus: (enums.ValidationStatusEnum) ""
   }
  },
  ReferralInfo: (models.ReferralInfo) {
  },
  ContractTerm: (models.ContractTerm) {
  },
  Discounts: ([]models.Discount) <nil>
 }
}
'''
