# Generated by goldga. DO NOT EDIT.
[snapshots]
"Chargebee contract terms when accessing contract terms API should be able list contract terms" = '''
([]chargebee.ContractTerm) {
}
'''
