# Generated by goldga. DO NOT EDIT.
[snapshots]
"Chargebee subscription usages when accessing subscription usages API should be able list subscription usages" = '''
([]chargebee.Usage) {
}
'''
