# Generated by goldga. DO NOT EDIT.
[snapshots]
"Chargebee invoice schedules when accessing invoice schedules API should be able list invoice schedules" = '''
([]chargebee.AdvancedInvoiceSchedule) {
}
'''
