# Generated by goldga. DO NOT EDIT.
[snapshots]
"Chargebee gifts when accessing gifts API should be able list gifts" = '''
([]chargebee.Gift) {
}
'''
